WARNING:root:TensorBoard is not installed. Training will proceed without TensorBoard logging. Install it with: pip install tensorboard
[*] Initializing Universal Gymnasium Environment for project: SpacerQuest
[*] Engine: simulation | Reward Profile: trader
[*] Algorithm: PPO | Parallel Envs: 1 | Timesteps: 100000
[*] Periodic checkpoints every 25000 timesteps → /Users/vs7/Dev/Games/_UGT Universal Game Tester/integrations/spacerquest/models/checkpoints
[*] Starting PPO training for 100000 timesteps...
[*] Seeding training with seed=42 (set training.seed in config to change)
Using cpu device
-----------------------------
| time/              |      |
|    fps             | 95   |
|    iterations      | 1    |
|    time_elapsed    | 21   |
|    total_timesteps | 2048 |
-----------------------------
-----------------------------------------
| time/                   |             |
|    fps                  | 97          |
|    iterations           | 2           |
|    time_elapsed         | 42          |
|    total_timesteps      | 4096        |
| train/                  |             |
|    approx_kl            | 0.008981649 |
|    clip_fraction        | 0.0937      |
|    clip_range           | 0.2         |
|    entropy_loss         | -1.79       |
|    explained_variance   | 0.074       |
|    learning_rate        | 0.0003      |
|    loss                 | 0.0954      |
|    n_updates            | 10          |
|    policy_gradient_loss | -0.0146     |
|    value_loss           | 0.498       |
-----------------------------------------
------------------------------------------
| time/                   |              |
|    fps                  | 96           |
|    iterations           | 3            |
|    time_elapsed         | 63           |
|    total_timesteps      | 6144         |
| train/                  |              |
|    approx_kl            | 0.0063651823 |
|    clip_fraction        | 0.0464       |
|    clip_range           | 0.2          |
|    entropy_loss         | -1.78        |
|    explained_variance   | 0.523        |
|    learning_rate        | 0.0003       |
|    loss                 | 0.0701       |
|    n_updates            | 20           |
|    policy_gradient_loss | -0.00953     |
|    value_loss           | 0.252        |
------------------------------------------
-----------------------------------------
| time/                   |             |
|    fps                  | 94          |
|    iterations           | 4           |
|    time_elapsed         | 86          |
|    total_timesteps      | 8192        |
| train/                  |             |
|    approx_kl            | 0.007922733 |
|    clip_fraction        | 0.0688      |
|    clip_range           | 0.2         |
|    entropy_loss         | -1.77       |
|    explained_variance   | 0.759       |
|    learning_rate        | 0.0003      |
|    loss                 | 0.0718      |
|    n_updates            | 30          |
|    policy_gradient_loss | -0.0113     |
|    value_loss           | 0.151       |
-----------------------------------------
-----------------------------------------
| time/                   |             |
|    fps                  | 16          |
|    iterations           | 5           |
|    time_elapsed         | 628         |
|    total_timesteps      | 10240       |
| train/                  |             |
|    approx_kl            | 0.010613968 |
|    clip_fraction        | 0.0842      |
|    clip_range           | 0.2         |
|    entropy_loss         | -1.75       |
|    explained_variance   | 0.896       |
|    learning_rate        | 0.0003      |
|    loss                 | 0.0331      |
|    n_updates            | 40          |
|    policy_gradient_loss | -0.0107     |
|    value_loss           | 0.118       |
-----------------------------------------
----------------------------------------
| time/                   |            |
|    fps                  | 3          |
|    iterations           | 6          |
|    time_elapsed         | 4051       |
|    total_timesteps      | 12288      |
| train/                  |            |
|    approx_kl            | 0.01372936 |
|    clip_fraction        | 0.111      |
|    clip_range           | 0.2        |
|    entropy_loss         | -1.75      |
|    explained_variance   | 0.829      |
|    learning_rate        | 0.0003     |
|    loss                 | 0.00337    |
|    n_updates            | 50         |
|    policy_gradient_loss | -0.011     |
|    value_loss           | 0.0781     |
----------------------------------------
-----------------------------------------
| time/                   |             |
|    fps                  | 1           |
|    iterations           | 7           |
|    time_elapsed         | 7368        |
|    total_timesteps      | 14336       |
| train/                  |             |
|    approx_kl            | 0.015781853 |
|    clip_fraction        | 0.169       |
|    clip_range           | 0.2         |
|    entropy_loss         | -1.67       |
|    explained_variance   | 0.822       |
|    learning_rate        | 0.0003      |
|    loss                 | 0.0283      |
|    n_updates            | 60          |
|    policy_gradient_loss | -0.0175     |
|    value_loss           | 0.184       |
-----------------------------------------
----------------------------------------
| time/                   |            |
|    fps                  | 1          |
|    iterations           | 8          |
|    time_elapsed         | 10391      |
|    total_timesteps      | 16384      |
| train/                  |            |
|    approx_kl            | 0.02548894 |
|    clip_fraction        | 0.145      |
|    clip_range           | 0.2        |
|    entropy_loss         | -1.64      |
|    explained_variance   | 0.6        |
|    learning_rate        | 0.0003     |
|    loss                 | -0.0122    |
|    n_updates            | 70         |
|    policy_gradient_loss | -0.0122    |
|    value_loss           | 0.173      |
----------------------------------------
-----------------------------------------
| time/                   |             |
|    fps                  | 1           |
|    iterations           | 9           |
|    time_elapsed         | 11813       |
|    total_timesteps      | 18432       |
| train/                  |             |
|    approx_kl            | 0.019313507 |
|    clip_fraction        | 0.243       |
|    clip_range           | 0.2         |
|    entropy_loss         | -1.54       |
|    explained_variance   | 0.659       |
|    learning_rate        | 0.0003      |
|    loss                 | -0.00714    |
|    n_updates            | 80          |
|    policy_gradient_loss | -0.0207     |
|    value_loss           | 0.116       |
-----------------------------------------
---------------------------------------
| time/                   |           |
|    fps                  | 1         |
|    iterations           | 10        |
|    time_elapsed         | 14685     |
|    total_timesteps      | 20480     |
| train/                  |           |
|    approx_kl            | 0.0114743 |
|    clip_fraction        | 0.0962    |
|    clip_range           | 0.2       |
|    entropy_loss         | -1.46     |
|    explained_variance   | 0.726     |
|    learning_rate        | 0.0003    |
|    loss                 | 0.0477    |
|    n_updates            | 90        |
|    policy_gradient_loss | -0.0123   |
|    value_loss           | 0.115     |
---------------------------------------
------------------------------------------
| time/                   |              |
|    fps                  | 1            |
|    iterations           | 11           |
|    time_elapsed         | 19382        |
|    total_timesteps      | 22528        |
| train/                  |              |
|    approx_kl            | 0.0154961655 |
|    clip_fraction        | 0.177        |
|    clip_range           | 0.2          |
|    entropy_loss         | -1.38        |
|    explained_variance   | 0.848        |
|    learning_rate        | 0.0003       |
|    loss                 | 0.00394      |
|    n_updates            | 100          |
|    policy_gradient_loss | -0.0168      |
|    value_loss           | 0.0933       |
------------------------------------------
----------------------------------------
| time/                   |            |
|    fps                  | 1          |
|    iterations           | 12         |
|    time_elapsed         | 22024      |
|    total_timesteps      | 24576      |
| train/                  |            |
|    approx_kl            | 0.01029041 |
|    clip_fraction        | 0.107      |
|    clip_range           | 0.2        |
|    entropy_loss         | -1.37      |
|    explained_variance   | 0.879      |
|    learning_rate        | 0.0003     |
|    loss                 | 0.0308     |
|    n_updates            | 110        |
|    policy_gradient_loss | -0.00724   |
|    value_loss           | 0.0443     |
----------------------------------------
-----------------------------------------
| time/                   |             |
|    fps                  | 1           |
|    iterations           | 13          |
|    time_elapsed         | 24114       |
|    total_timesteps      | 26624       |
| train/                  |             |
|    approx_kl            | 0.014187455 |
|    clip_fraction        | 0.175       |
|    clip_range           | 0.2         |
|    entropy_loss         | -1.45       |
|    explained_variance   | 0.964       |
|    learning_rate        | 0.0003      |
|    loss                 | -0.0467     |
|    n_updates            | 120         |
|    policy_gradient_loss | -0.0109     |
|    value_loss           | 0.0363      |
-----------------------------------------
-----------------------------------------
| time/                   |             |
|    fps                  | 1           |
|    iterations           | 14          |
|    time_elapsed         | 24147       |
|    total_timesteps      | 28672       |
| train/                  |             |
|    approx_kl            | 0.009286919 |
|    clip_fraction        | 0.0908      |
|    clip_range           | 0.2         |
|    entropy_loss         | -1.25       |
|    explained_variance   | 0.881       |
|    learning_rate        | 0.0003      |
|    loss                 | 0.0196      |
|    n_updates            | 130         |
|    policy_gradient_loss | -0.0103     |
|    value_loss           | 0.0554      |
-----------------------------------------
-----------------------------------------
| time/                   |             |
|    fps                  | 1           |
|    iterations           | 15          |
|    time_elapsed         | 24176       |
|    total_timesteps      | 30720       |
| train/                  |             |
|    approx_kl            | 0.011975151 |
|    clip_fraction        | 0.106       |
|    clip_range           | 0.2         |
|    entropy_loss         | -1.19       |
|    explained_variance   | 0.964       |
|    learning_rate        | 0.0003      |
|    loss                 | -0.0169     |
|    n_updates            | 140         |
|    policy_gradient_loss | -0.00962    |
|    value_loss           | 0.0412      |
-----------------------------------------
-----------------------------------------
| time/                   |             |
|    fps                  | 1           |
|    iterations           | 16          |
|    time_elapsed         | 24213       |
|    total_timesteps      | 32768       |
| train/                  |             |
|    approx_kl            | 0.008279726 |
|    clip_fraction        | 0.0685      |
|    clip_range           | 0.2         |
|    entropy_loss         | -1.14       |
|    explained_variance   | 0.952       |
|    learning_rate        | 0.0003      |
|    loss                 | 0.0129      |
|    n_updates            | 150         |
|    policy_gradient_loss | -0.00935    |
|    value_loss           | 0.0339      |
-----------------------------------------
-----------------------------------------
| time/                   |             |
|    fps                  | 1           |
|    iterations           | 17          |
|    time_elapsed         | 24249       |
|    total_timesteps      | 34816       |
| train/                  |             |
|    approx_kl            | 0.006236214 |
|    clip_fraction        | 0.0648      |
|    clip_range           | 0.2         |
|    entropy_loss         | -1.05       |
|    explained_variance   | 0.817       |
|    learning_rate        | 0.0003      |
|    loss                 | -0.00801    |
|    n_updates            | 160         |
|    policy_gradient_loss | -0.0107     |
|    value_loss           | 0.0586      |
-----------------------------------------
-----------------------------------------
| time/                   |             |
|    fps                  | 1           |
|    iterations           | 18          |
|    time_elapsed         | 24272       |
|    total_timesteps      | 36864       |
| train/                  |             |
|    approx_kl            | 0.011150035 |
|    clip_fraction        | 0.1         |
|    clip_range           | 0.2         |
|    entropy_loss         | -1.09       |
|    explained_variance   | 0.815       |
|    learning_rate        | 0.0003      |
|    loss                 | -0.000419   |
|    n_updates            | 170         |
|    policy_gradient_loss | -0.0111     |
|    value_loss           | 0.0603      |
-----------------------------------------
-----------------------------------------
| time/                   |             |
|    fps                  | 1           |
|    iterations           | 19          |
|    time_elapsed         | 24315       |
|    total_timesteps      | 38912       |
| train/                  |             |
|    approx_kl            | 0.014337931 |
|    clip_fraction        | 0.139       |
|    clip_range           | 0.2         |
|    entropy_loss         | -1.45       |
|    explained_variance   | 0.968       |
|    learning_rate        | 0.0003      |
|    loss                 | -0.00814    |
|    n_updates            | 180         |
|    policy_gradient_loss | -0.0139     |
|    value_loss           | 0.022       |
-----------------------------------------
------------------------------------------
| time/                   |              |
|    fps                  | 1            |
|    iterations           | 20           |
|    time_elapsed         | 24349        |
|    total_timesteps      | 40960        |
| train/                  |              |
|    approx_kl            | 0.0069691977 |
|    clip_fraction        | 0.0796       |
|    clip_range           | 0.2          |
|    entropy_loss         | -0.958       |
|    explained_variance   | 0.92         |
|    learning_rate        | 0.0003       |
|    loss                 | 0.0227       |
|    n_updates            | 190          |
|    policy_gradient_loss | -0.0104      |
|    value_loss           | 0.0453       |
------------------------------------------
-----------------------------------------
| time/                   |             |
|    fps                  | 1           |
|    iterations           | 21          |
|    time_elapsed         | 24390       |
|    total_timesteps      | 43008       |
| train/                  |             |
|    approx_kl            | 0.012103241 |
|    clip_fraction        | 0.113       |
|    clip_range           | 0.2         |
|    entropy_loss         | -1.2        |
|    explained_variance   | 0.952       |
|    learning_rate        | 0.0003      |
|    loss                 | -0.0148     |
|    n_updates            | 200         |
|    policy_gradient_loss | -0.0118     |
|    value_loss           | 0.032       |
-----------------------------------------
------------------------------------------
| time/                   |              |
|    fps                  | 1            |
|    iterations           | 22           |
|    time_elapsed         | 24423        |
|    total_timesteps      | 45056        |
| train/                  |              |
|    approx_kl            | 0.0064604315 |
|    clip_fraction        | 0.0686       |
|    clip_range           | 0.2          |
|    entropy_loss         | -0.871       |
|    explained_variance   | 0.937        |
|    learning_rate        | 0.0003       |
|    loss                 | 0.0152       |
|    n_updates            | 210          |
|    policy_gradient_loss | -0.00882     |
|    value_loss           | 0.0515       |
------------------------------------------
-----------------------------------------
| time/                   |             |
|    fps                  | 1           |
|    iterations           | 23          |
|    time_elapsed         | 24453       |
|    total_timesteps      | 47104       |
| train/                  |             |
|    approx_kl            | 0.019885037 |
|    clip_fraction        | 0.128       |
|    clip_range           | 0.2         |
|    entropy_loss         | -1          |
|    explained_variance   | 0.949       |
|    learning_rate        | 0.0003      |
|    loss                 | 0.0153      |
|    n_updates            | 220         |
|    policy_gradient_loss | -0.0151     |
|    value_loss           | 0.0344      |
-----------------------------------------
-----------------------------------------
| time/                   |             |
|    fps                  | 2           |
|    iterations           | 24          |
|    time_elapsed         | 24497       |
|    total_timesteps      | 49152       |
| train/                  |             |
|    approx_kl            | 0.009857143 |
|    clip_fraction        | 0.0819      |
|    clip_range           | 0.2         |
|    entropy_loss         | -1.06       |
|    explained_variance   | 0.949       |
|    learning_rate        | 0.0003      |
|    loss                 | 0.019       |
|    n_updates            | 230         |
|    policy_gradient_loss | -0.0059     |
|    value_loss           | 0.0434      |
-----------------------------------------
------------------------------------------
| time/                   |              |
|    fps                  | 2            |
|    iterations           | 25           |
|    time_elapsed         | 24541        |
|    total_timesteps      | 51200        |
| train/                  |              |
|    approx_kl            | 0.0057285577 |
|    clip_fraction        | 0.0748       |
|    clip_range           | 0.2          |
|    entropy_loss         | -0.744       |
|    explained_variance   | 0.891        |
|    learning_rate        | 0.0003       |
|    loss                 | 0.0217       |
|    n_updates            | 240          |
|    policy_gradient_loss | -0.00913     |
|    value_loss           | 0.0448       |
------------------------------------------
------------------------------------------
| time/                   |              |
|    fps                  | 2            |
|    iterations           | 26           |
|    time_elapsed         | 24570        |
|    total_timesteps      | 53248        |
| train/                  |              |
|    approx_kl            | 0.0044533936 |
|    clip_fraction        | 0.043        |
|    clip_range           | 0.2          |
|    entropy_loss         | -0.673       |
|    explained_variance   | 0.905        |
|    learning_rate        | 0.0003       |
|    loss                 | 0.00248      |
|    n_updates            | 250          |
|    policy_gradient_loss | -0.00788     |
|    value_loss           | 0.0487       |
------------------------------------------
-----------------------------------------
| time/                   |             |
|    fps                  | 2           |
|    iterations           | 27          |
|    time_elapsed         | 24603       |
|    total_timesteps      | 55296       |
| train/                  |             |
|    approx_kl            | 0.005070602 |
|    clip_fraction        | 0.0448      |
|    clip_range           | 0.2         |
|    entropy_loss         | -0.884      |
|    explained_variance   | 0.968       |
|    learning_rate        | 0.0003      |
|    loss                 | -0.00527    |
|    n_updates            | 260         |
|    policy_gradient_loss | -0.00693    |
|    value_loss           | 0.0217      |
-----------------------------------------
------------------------------------------
| time/                   |              |
|    fps                  | 2            |
|    iterations           | 28           |
|    time_elapsed         | 24636        |
|    total_timesteps      | 57344        |
| train/                  |              |
|    approx_kl            | 0.0062298477 |
|    clip_fraction        | 0.0752       |
|    clip_range           | 0.2          |
|    entropy_loss         | -1.05        |
|    explained_variance   | 0.959        |
|    learning_rate        | 0.0003       |
|    loss                 | -0.00216     |
|    n_updates            | 270          |
|    policy_gradient_loss | -0.00615     |
|    value_loss           | 0.0329       |
------------------------------------------
-----------------------------------------
| time/                   |             |
|    fps                  | 2           |
|    iterations           | 29          |
|    time_elapsed         | 24667       |
|    total_timesteps      | 59392       |
| train/                  |             |
|    approx_kl            | 0.018453289 |
|    clip_fraction        | 0.142       |
|    clip_range           | 0.2         |
|    entropy_loss         | -0.91       |
|    explained_variance   | 0.96        |
|    learning_rate        | 0.0003      |
|    loss                 | -0.0359     |
|    n_updates            | 280         |
|    policy_gradient_loss | -0.00934    |
|    value_loss           | 0.027       |
-----------------------------------------
-----------------------------------------
| time/                   |             |
|    fps                  | 2           |
|    iterations           | 30          |
|    time_elapsed         | 24698       |
|    total_timesteps      | 61440       |
| train/                  |             |
|    approx_kl            | 0.010695972 |
|    clip_fraction        | 0.117       |
|    clip_range           | 0.2         |
|    entropy_loss         | -0.977      |
|    explained_variance   | 0.97        |
|    learning_rate        | 0.0003      |
|    loss                 | -0.0159     |
|    n_updates            | 290         |
|    policy_gradient_loss | -0.0148     |
|    value_loss           | 0.0296      |
-----------------------------------------
-----------------------------------------
| time/                   |             |
|    fps                  | 2           |
|    iterations           | 31          |
|    time_elapsed         | 24733       |
|    total_timesteps      | 63488       |
| train/                  |             |
|    approx_kl            | 0.006036545 |
|    clip_fraction        | 0.0443      |
|    clip_range           | 0.2         |
|    entropy_loss         | -0.954      |
|    explained_variance   | 0.968       |
|    learning_rate        | 0.0003      |
|    loss                 | 0.0225      |
|    n_updates            | 300         |
|    policy_gradient_loss | -0.00582    |
|    value_loss           | 0.0363      |
-----------------------------------------
-----------------------------------------
| time/                   |             |
|    fps                  | 2           |
|    iterations           | 32          |
|    time_elapsed         | 24766       |
|    total_timesteps      | 65536       |
| train/                  |             |
|    approx_kl            | 0.007242835 |
|    clip_fraction        | 0.0477      |
|    clip_range           | 0.2         |
|    entropy_loss         | -0.728      |
|    explained_variance   | 0.971       |
|    learning_rate        | 0.0003      |
|    loss                 | 0.00434     |
|    n_updates            | 310         |
|    policy_gradient_loss | -0.00418    |
|    value_loss           | 0.0277      |
-----------------------------------------
-----------------------------------------
| time/                   |             |
|    fps                  | 2           |
|    iterations           | 33          |
|    time_elapsed         | 24809       |
|    total_timesteps      | 67584       |
| train/                  |             |
|    approx_kl            | 0.016448755 |
|    clip_fraction        | 0.17        |
|    clip_range           | 0.2         |
|    entropy_loss         | -0.829      |
|    explained_variance   | 0.969       |
|    learning_rate        | 0.0003      |
|    loss                 | -0.0309     |
|    n_updates            | 320         |
|    policy_gradient_loss | -0.0117     |
|    value_loss           | 0.046       |
-----------------------------------------
-----------------------------------------
| time/                   |             |
|    fps                  | 2           |
|    iterations           | 34          |
|    time_elapsed         | 24856       |
|    total_timesteps      | 69632       |
| train/                  |             |
|    approx_kl            | 0.003615596 |
|    clip_fraction        | 0.0317      |
|    clip_range           | 0.2         |
|    entropy_loss         | -0.493      |
|    explained_variance   | 0.893       |
|    learning_rate        | 0.0003      |
|    loss                 | 0.0152      |
|    n_updates            | 330         |
|    policy_gradient_loss | -0.00426    |
|    value_loss           | 0.0386      |
-----------------------------------------
------------------------------------------
| time/                   |              |
|    fps                  | 2            |
|    iterations           | 35           |
|    time_elapsed         | 24904        |
|    total_timesteps      | 71680        |
| train/                  |              |
|    approx_kl            | 0.0053128884 |
|    clip_fraction        | 0.051        |
|    clip_range           | 0.2          |
|    entropy_loss         | -0.46        |
|    explained_variance   | 0.894        |
|    learning_rate        | 0.0003       |
|    loss                 | 0.00831      |
|    n_updates            | 340          |
|    policy_gradient_loss | -0.00776     |
|    value_loss           | 0.042        |
------------------------------------------
------------------------------------------
| time/                   |              |
|    fps                  | 2            |
|    iterations           | 36           |
|    time_elapsed         | 24942        |
|    total_timesteps      | 73728        |
| train/                  |              |
|    approx_kl            | 0.0030308138 |
|    clip_fraction        | 0.0329       |
|    clip_range           | 0.2          |
|    entropy_loss         | -0.433       |
|    explained_variance   | 0.881        |
|    learning_rate        | 0.0003       |
|    loss                 | 0.0156       |
|    n_updates            | 350          |
|    policy_gradient_loss | -0.00461     |
|    value_loss           | 0.0416       |
------------------------------------------
-----------------------------------------
| time/                   |             |
|    fps                  | 3           |
|    iterations           | 37          |
|    time_elapsed         | 24983       |
|    total_timesteps      | 75776       |
| train/                  |             |
|    approx_kl            | 0.007912517 |
|    clip_fraction        | 0.0953      |
|    clip_range           | 0.2         |
|    entropy_loss         | -0.769      |
|    explained_variance   | 0.946       |
|    learning_rate        | 0.0003      |
|    loss                 | 0.00568     |
|    n_updates            | 360         |
|    policy_gradient_loss | -0.00754    |
|    value_loss           | 0.0395      |
-----------------------------------------
------------------------------------------
| time/                   |              |
|    fps                  | 3            |
|    iterations           | 38           |
|    time_elapsed         | 25025        |
|    total_timesteps      | 77824        |
| train/                  |              |
|    approx_kl            | 0.0067167105 |
|    clip_fraction        | 0.0619       |
|    clip_range           | 0.2          |
|    entropy_loss         | -0.582       |
|    explained_variance   | 0.962        |
|    learning_rate        | 0.0003       |
|    loss                 | -0.0193      |
|    n_updates            | 370          |
|    policy_gradient_loss | -0.00816     |
|    value_loss           | 0.0349       |
------------------------------------------
------------------------------------------
| time/                   |              |
|    fps                  | 3            |
|    iterations           | 39           |
|    time_elapsed         | 25069        |
|    total_timesteps      | 79872        |
| train/                  |              |
|    approx_kl            | 0.0025532227 |
|    clip_fraction        | 0.0199       |
|    clip_range           | 0.2          |
|    entropy_loss         | -0.401       |
|    explained_variance   | 0.919        |
|    learning_rate        | 0.0003       |
|    loss                 | 0.0261       |
|    n_updates            | 380          |
|    policy_gradient_loss | -0.00354     |
|    value_loss           | 0.0428       |
------------------------------------------
-----------------------------------------
| time/                   |             |
|    fps                  | 3           |
|    iterations           | 40          |
|    time_elapsed         | 25089       |
|    total_timesteps      | 81920       |
| train/                  |             |
|    approx_kl            | 0.005009719 |
|    clip_fraction        | 0.0385      |
|    clip_range           | 0.2         |
|    entropy_loss         | -0.556      |
|    explained_variance   | 0.965       |
|    learning_rate        | 0.0003      |
|    loss                 | 0.00453     |
|    n_updates            | 390         |
|    policy_gradient_loss | -0.00194    |
|    value_loss           | 0.0346      |
-----------------------------------------
-----------------------------------------
| time/                   |             |
|    fps                  | 3           |
|    iterations           | 41          |
|    time_elapsed         | 25118       |
|    total_timesteps      | 83968       |
| train/                  |             |
|    approx_kl            | 0.025689444 |
|    clip_fraction        | 0.196       |
|    clip_range           | 0.2         |
|    entropy_loss         | -1.21       |
|    explained_variance   | 0.903       |
|    learning_rate        | 0.0003      |
|    loss                 | 0.0265      |
|    n_updates            | 400         |
|    policy_gradient_loss | -0.0118     |
|    value_loss           | 0.00364     |
-----------------------------------------
-----------------------------------------
| time/                   |             |
|    fps                  | 3           |
|    iterations           | 42          |
|    time_elapsed         | 25158       |
|    total_timesteps      | 86016       |
| train/                  |             |
|    approx_kl            | 0.018905733 |
|    clip_fraction        | 0.225       |
|    clip_range           | 0.2         |
|    entropy_loss         | -0.977      |
|    explained_variance   | 0.972       |
|    learning_rate        | 0.0003      |
|    loss                 | -0.00854    |
|    n_updates            | 410         |
|    policy_gradient_loss | -0.00982    |
|    value_loss           | 0.0195      |
-----------------------------------------
-----------------------------------------
| time/                   |             |
|    fps                  | 3           |
|    iterations           | 43          |
|    time_elapsed         | 25188       |
|    total_timesteps      | 88064       |
| train/                  |             |
|    approx_kl            | 0.012380621 |
|    clip_fraction        | 0.0826      |
|    clip_range           | 0.2         |
|    entropy_loss         | -0.613      |
|    explained_variance   | 0.965       |
|    learning_rate        | 0.0003      |
|    loss                 | -0.00481    |
|    n_updates            | 420         |
|    policy_gradient_loss | -0.00769    |
|    value_loss           | 0.0332      |
-----------------------------------------
----------------------------------------
| time/                   |            |
|    fps                  | 3          |
|    iterations           | 44         |
|    time_elapsed         | 25234      |
|    total_timesteps      | 90112      |
| train/                  |            |
|    approx_kl            | 0.02059538 |
|    clip_fraction        | 0.0952     |
|    clip_range           | 0.2        |
|    entropy_loss         | -0.704     |
|    explained_variance   | 0.974      |
|    learning_rate        | 0.0003     |
|    loss                 | -0.0326    |
|    n_updates            | 430        |
|    policy_gradient_loss | -0.00678   |
|    value_loss           | 0.0202     |
----------------------------------------
-----------------------------------------
| time/                   |             |
|    fps                  | 3           |
|    iterations           | 45          |
|    time_elapsed         | 25253       |
|    total_timesteps      | 92160       |
| train/                  |             |
|    approx_kl            | 0.004898454 |
|    clip_fraction        | 0.0376      |
|    clip_range           | 0.2         |
|    entropy_loss         | -0.45       |
|    explained_variance   | 0.89        |
|    learning_rate        | 0.0003      |
|    loss                 | 0.00327     |
|    n_updates            | 440         |
|    policy_gradient_loss | -0.00653    |
|    value_loss           | 0.0355      |
-----------------------------------------
-----------------------------------------
| time/                   |             |
|    fps                  | 3           |
|    iterations           | 46          |
|    time_elapsed         | 25296       |
|    total_timesteps      | 94208       |
| train/                  |             |
|    approx_kl            | 0.008514345 |
|    clip_fraction        | 0.074       |
|    clip_range           | 0.2         |
|    entropy_loss         | -1.11       |
|    explained_variance   | 0.941       |
|    learning_rate        | 0.0003      |
|    loss                 | -0.013      |
|    n_updates            | 450         |
|    policy_gradient_loss | -0.00934    |
|    value_loss           | 0.00874     |
-----------------------------------------
-----------------------------------------
| time/                   |             |
|    fps                  | 3           |
|    iterations           | 47          |
|    time_elapsed         | 25343       |
|    total_timesteps      | 96256       |
| train/                  |             |
|    approx_kl            | 0.008499273 |
|    clip_fraction        | 0.0794      |
|    clip_range           | 0.2         |
|    entropy_loss         | -0.509      |
|    explained_variance   | 0.963       |
|    learning_rate        | 0.0003      |
|    loss                 | 0.0107      |
|    n_updates            | 460         |
|    policy_gradient_loss | -0.00855    |
|    value_loss           | 0.0318      |
-----------------------------------------
------------------------------------------
| time/                   |              |
|    fps                  | 3            |
|    iterations           | 48           |
|    time_elapsed         | 25391        |
|    total_timesteps      | 98304        |
| train/                  |              |
|    approx_kl            | 0.0033231026 |
|    clip_fraction        | 0.0339       |
|    clip_range           | 0.2          |
|    entropy_loss         | -0.413       |
|    explained_variance   | 0.905        |
|    learning_rate        | 0.0003       |
|    loss                 | 0.0156       |
|    n_updates            | 470          |
|    policy_gradient_loss | -0.00364     |
|    value_loss           | 0.0337       |
------------------------------------------
----------------------------------------
| time/                   |            |
|    fps                  | 3          |
|    iterations           | 49         |
|    time_elapsed         | 25438      |
|    total_timesteps      | 100352     |
| train/                  |            |
|    approx_kl            | 0.00335158 |
|    clip_fraction        | 0.0502     |
|    clip_range           | 0.2        |
|    entropy_loss         | -0.421     |
|    explained_variance   | 0.933      |
|    learning_rate        | 0.0003     |
|    loss                 | 0.0149     |
|    n_updates            | 480        |
|    policy_gradient_loss | -0.00401   |
|    value_loss           | 0.0244     |
----------------------------------------
[+] Training completed successfully! Model saved to: /Users/vs7/Dev/Games/_UGT Universal Game Tester/integrations/spacerquest/models/ppo_trader_final.zip
[+] VecNormalize stats saved to: /Users/vs7/Dev/Games/_UGT Universal Game Tester/integrations/spacerquest/models/ppo_trader_vecnormalize.pkl
