WARNING:root:TensorBoard is not installed. Training will proceed without TensorBoard logging. Install it with: pip install tensorboard
[*] Initializing Universal Gymnasium Environment for project: SpacerQuest
[*] Engine: simulation | Reward Profile: trader
[*] Algorithm: PPO | Parallel Envs: 1 | Timesteps: 150000
[*] Periodic checkpoints every 25000 timesteps → /Users/vs7/Dev/Games/_UGT Universal Game Tester/integrations/spacerquest/models/checkpoints
[*] Starting PPO training for 150000 timesteps...
[*] Seeding training with seed=42 (set training.seed in config to change)
Using cpu device
-----------------------------
| time/              |      |
|    fps             | 83   |
|    iterations      | 1    |
|    time_elapsed    | 24   |
|    total_timesteps | 2048 |
-----------------------------
-----------------------------------------
| time/                   |             |
|    fps                  | 82          |
|    iterations           | 2           |
|    time_elapsed         | 49          |
|    total_timesteps      | 4096        |
| train/                  |             |
|    approx_kl            | 0.008828618 |
|    clip_fraction        | 0.0468      |
|    clip_range           | 0.2         |
|    entropy_loss         | -2.3        |
|    explained_variance   | 0.235       |
|    learning_rate        | 0.0003      |
|    loss                 | 0.0569      |
|    n_updates            | 10          |
|    policy_gradient_loss | -0.0131     |
|    value_loss           | 0.296       |
-----------------------------------------
-----------------------------------------
| time/                   |             |
|    fps                  | 75          |
|    iterations           | 3           |
|    time_elapsed         | 81          |
|    total_timesteps      | 6144        |
| train/                  |             |
|    approx_kl            | 0.009977372 |
|    clip_fraction        | 0.0665      |
|    clip_range           | 0.2         |
|    entropy_loss         | -2.29       |
|    explained_variance   | 0.722       |
|    learning_rate        | 0.0003      |
|    loss                 | -0.0255     |
|    n_updates            | 20          |
|    policy_gradient_loss | -0.0143     |
|    value_loss           | 0.118       |
-----------------------------------------
-----------------------------------------
| time/                   |             |
|    fps                  | 70          |
|    iterations           | 4           |
|    time_elapsed         | 115         |
|    total_timesteps      | 8192        |
| train/                  |             |
|    approx_kl            | 0.010550284 |
|    clip_fraction        | 0.075       |
|    clip_range           | 0.2         |
|    entropy_loss         | -2.27       |
|    explained_variance   | 0.861       |
|    learning_rate        | 0.0003      |
|    loss                 | 0.0232      |
|    n_updates            | 30          |
|    policy_gradient_loss | -0.0147     |
|    value_loss           | 0.118       |
-----------------------------------------
-----------------------------------------
| time/                   |             |
|    fps                  | 68          |
|    iterations           | 5           |
|    time_elapsed         | 150         |
|    total_timesteps      | 10240       |
| train/                  |             |
|    approx_kl            | 0.014720969 |
|    clip_fraction        | 0.0891      |
|    clip_range           | 0.2         |
|    entropy_loss         | -2.26       |
|    explained_variance   | 0.798       |
|    learning_rate        | 0.0003      |
|    loss                 | 0.0661      |
|    n_updates            | 40          |
|    policy_gradient_loss | -0.0159     |
|    value_loss           | 0.159       |
-----------------------------------------
-----------------------------------------
| time/                   |             |
|    fps                  | 65          |
|    iterations           | 6           |
|    time_elapsed         | 188         |
|    total_timesteps      | 12288       |
| train/                  |             |
|    approx_kl            | 0.013320975 |
|    clip_fraction        | 0.0947      |
|    clip_range           | 0.2         |
|    entropy_loss         | -2.24       |
|    explained_variance   | 0.896       |
|    learning_rate        | 0.0003      |
|    loss                 | 0.0175      |
|    n_updates            | 50          |
|    policy_gradient_loss | -0.012      |
|    value_loss           | 0.0523      |
-----------------------------------------
-----------------------------------------
| time/                   |             |
|    fps                  | 63          |
|    iterations           | 7           |
|    time_elapsed         | 224         |
|    total_timesteps      | 14336       |
| train/                  |             |
|    approx_kl            | 0.016223893 |
|    clip_fraction        | 0.136       |
|    clip_range           | 0.2         |
|    entropy_loss         | -2.23       |
|    explained_variance   | 0.923       |
|    learning_rate        | 0.0003      |
|    loss                 | 0.016       |
|    n_updates            | 60          |
|    policy_gradient_loss | -0.0166     |
|    value_loss           | 0.0598      |
-----------------------------------------
-----------------------------------------
| time/                   |             |
|    fps                  | 63          |
|    iterations           | 8           |
|    time_elapsed         | 260         |
|    total_timesteps      | 16384       |
| train/                  |             |
|    approx_kl            | 0.017410517 |
|    clip_fraction        | 0.132       |
|    clip_range           | 0.2         |
|    entropy_loss         | -2.19       |
|    explained_variance   | 0.932       |
|    learning_rate        | 0.0003      |
|    loss                 | -0.0337     |
|    n_updates            | 70          |
|    policy_gradient_loss | -0.0192     |
|    value_loss           | 0.0443      |
-----------------------------------------
-----------------------------------------
| time/                   |             |
|    fps                  | 62          |
|    iterations           | 9           |
|    time_elapsed         | 294         |
|    total_timesteps      | 18432       |
| train/                  |             |
|    approx_kl            | 0.015860504 |
|    clip_fraction        | 0.1         |
|    clip_range           | 0.2         |
|    entropy_loss         | -2.19       |
|    explained_variance   | 0.888       |
|    learning_rate        | 0.0003      |
|    loss                 | 0.000608    |
|    n_updates            | 80          |
|    policy_gradient_loss | -0.0136     |
|    value_loss           | 0.0494      |
-----------------------------------------
-----------------------------------------
| time/                   |             |
|    fps                  | 61          |
|    iterations           | 10          |
|    time_elapsed         | 335         |
|    total_timesteps      | 20480       |
| train/                  |             |
|    approx_kl            | 0.016973022 |
|    clip_fraction        | 0.108       |
|    clip_range           | 0.2         |
|    entropy_loss         | -2.23       |
|    explained_variance   | 0.942       |
|    learning_rate        | 0.0003      |
|    loss                 | -0.0113     |
|    n_updates            | 90          |
|    policy_gradient_loss | -0.0144     |
|    value_loss           | 0.016       |
-----------------------------------------
----------------------------------------
| time/                   |            |
|    fps                  | 59         |
|    iterations           | 11         |
|    time_elapsed         | 377        |
|    total_timesteps      | 22528      |
| train/                  |            |
|    approx_kl            | 0.01137161 |
|    clip_fraction        | 0.083      |
|    clip_range           | 0.2        |
|    entropy_loss         | -2.13      |
|    explained_variance   | 0.914      |
|    learning_rate        | 0.0003     |
|    loss                 | 0.00555    |
|    n_updates            | 100        |
|    policy_gradient_loss | -0.013     |
|    value_loss           | 0.0769     |
----------------------------------------
-----------------------------------------
| time/                   |             |
|    fps                  | 58          |
|    iterations           | 12          |
|    time_elapsed         | 421         |
|    total_timesteps      | 24576       |
| train/                  |             |
|    approx_kl            | 0.017256523 |
|    clip_fraction        | 0.145       |
|    clip_range           | 0.2         |
|    entropy_loss         | -2.15       |
|    explained_variance   | 0.924       |
|    learning_rate        | 0.0003      |
|    loss                 | 0.0011      |
|    n_updates            | 110         |
|    policy_gradient_loss | -0.0172     |
|    value_loss           | 0.0386      |
-----------------------------------------
-----------------------------------------
| time/                   |             |
|    fps                  | 57          |
|    iterations           | 13          |
|    time_elapsed         | 460         |
|    total_timesteps      | 26624       |
| train/                  |             |
|    approx_kl            | 0.022376973 |
|    clip_fraction        | 0.112       |
|    clip_range           | 0.2         |
|    entropy_loss         | -2.11       |
|    explained_variance   | 0.891       |
|    learning_rate        | 0.0003      |
|    loss                 | -0.043      |
|    n_updates            | 120         |
|    policy_gradient_loss | -0.0152     |
|    value_loss           | 0.0892      |
-----------------------------------------
-----------------------------------------
| time/                   |             |
|    fps                  | 57          |
|    iterations           | 14          |
|    time_elapsed         | 502         |
|    total_timesteps      | 28672       |
| train/                  |             |
|    approx_kl            | 0.013514324 |
|    clip_fraction        | 0.16        |
|    clip_range           | 0.2         |
|    entropy_loss         | -2.14       |
|    explained_variance   | 0.892       |
|    learning_rate        | 0.0003      |
|    loss                 | 0.00466     |
|    n_updates            | 130         |
|    policy_gradient_loss | -0.0141     |
|    value_loss           | 0.0754      |
-----------------------------------------
-----------------------------------------
| time/                   |             |
|    fps                  | 56          |
|    iterations           | 15          |
|    time_elapsed         | 543         |
|    total_timesteps      | 30720       |
| train/                  |             |
|    approx_kl            | 0.011704342 |
|    clip_fraction        | 0.106       |
|    clip_range           | 0.2         |
|    entropy_loss         | -2.09       |
|    explained_variance   | 0.922       |
|    learning_rate        | 0.0003      |
|    loss                 | -0.0149     |
|    n_updates            | 140         |
|    policy_gradient_loss | -0.0164     |
|    value_loss           | 0.0475      |
-----------------------------------------
-----------------------------------------
| time/                   |             |
|    fps                  | 55          |
|    iterations           | 16          |
|    time_elapsed         | 585         |
|    total_timesteps      | 32768       |
| train/                  |             |
|    approx_kl            | 0.014334463 |
|    clip_fraction        | 0.119       |
|    clip_range           | 0.2         |
|    entropy_loss         | -2.07       |
|    explained_variance   | 0.945       |
|    learning_rate        | 0.0003      |
|    loss                 | -0.038      |
|    n_updates            | 150         |
|    policy_gradient_loss | -0.0165     |
|    value_loss           | 0.0257      |
-----------------------------------------
----------------------------------------
| time/                   |            |
|    fps                  | 55         |
|    iterations           | 17         |
|    time_elapsed         | 629        |
|    total_timesteps      | 34816      |
| train/                  |            |
|    approx_kl            | 0.02689897 |
|    clip_fraction        | 0.15       |
|    clip_range           | 0.2        |
|    entropy_loss         | -1.92      |
|    explained_variance   | 0.936      |
|    learning_rate        | 0.0003     |
|    loss                 | 0.0301     |
|    n_updates            | 160        |
|    policy_gradient_loss | -0.0181    |
|    value_loss           | 0.0325     |
----------------------------------------
-----------------------------------------
| time/                   |             |
|    fps                  | 54          |
|    iterations           | 18          |
|    time_elapsed         | 679         |
|    total_timesteps      | 36864       |
| train/                  |             |
|    approx_kl            | 0.024081536 |
|    clip_fraction        | 0.116       |
|    clip_range           | 0.2         |
|    entropy_loss         | -1.9        |
|    explained_variance   | 0.882       |
|    learning_rate        | 0.0003      |
|    loss                 | -0.00388    |
|    n_updates            | 170         |
|    policy_gradient_loss | -0.0148     |
|    value_loss           | 0.0493      |
-----------------------------------------
-----------------------------------------
| time/                   |             |
|    fps                  | 54          |
|    iterations           | 19          |
|    time_elapsed         | 719         |
|    total_timesteps      | 38912       |
| train/                  |             |
|    approx_kl            | 0.010003798 |
|    clip_fraction        | 0.0876      |
|    clip_range           | 0.2         |
|    entropy_loss         | -1.81       |
|    explained_variance   | 0.808       |
|    learning_rate        | 0.0003      |
|    loss                 | 0.304       |
|    n_updates            | 180         |
|    policy_gradient_loss | -0.0144     |
|    value_loss           | 0.399       |
-----------------------------------------
-----------------------------------------
| time/                   |             |
|    fps                  | 53          |
|    iterations           | 20          |
|    time_elapsed         | 764         |
|    total_timesteps      | 40960       |
| train/                  |             |
|    approx_kl            | 0.013414013 |
|    clip_fraction        | 0.109       |
|    clip_range           | 0.2         |
|    entropy_loss         | -1.85       |
|    explained_variance   | 0.84        |
|    learning_rate        | 0.0003      |
|    loss                 | 0.0816      |
|    n_updates            | 190         |
|    policy_gradient_loss | -0.0124     |
|    value_loss           | 0.127       |
-----------------------------------------
-----------------------------------------
| time/                   |             |
|    fps                  | 52          |
|    iterations           | 21          |
|    time_elapsed         | 822         |
|    total_timesteps      | 43008       |
| train/                  |             |
|    approx_kl            | 0.022290101 |
|    clip_fraction        | 0.115       |
|    clip_range           | 0.2         |
|    entropy_loss         | -1.86       |
|    explained_variance   | 0.868       |
|    learning_rate        | 0.0003      |
|    loss                 | 0.0214      |
|    n_updates            | 200         |
|    policy_gradient_loss | -0.0154     |
|    value_loss           | 0.108       |
-----------------------------------------
-----------------------------------------
| time/                   |             |
|    fps                  | 51          |
|    iterations           | 22          |
|    time_elapsed         | 878         |
|    total_timesteps      | 45056       |
| train/                  |             |
|    approx_kl            | 0.008893477 |
|    clip_fraction        | 0.0853      |
|    clip_range           | 0.2         |
|    entropy_loss         | -1.63       |
|    explained_variance   | 0.806       |
|    learning_rate        | 0.0003      |
|    loss                 | 0.195       |
|    n_updates            | 210         |
|    policy_gradient_loss | -0.0181     |
|    value_loss           | 0.588       |
-----------------------------------------
-----------------------------------------
| time/                   |             |
|    fps                  | 49          |
|    iterations           | 23          |
|    time_elapsed         | 946         |
|    total_timesteps      | 47104       |
| train/                  |             |
|    approx_kl            | 0.016773056 |
|    clip_fraction        | 0.147       |
|    clip_range           | 0.2         |
|    entropy_loss         | -1.67       |
|    explained_variance   | 0.744       |
|    learning_rate        | 0.0003      |
|    loss                 | 0.0766      |
|    n_updates            | 220         |
|    policy_gradient_loss | -0.0174     |
|    value_loss           | 0.253       |
-----------------------------------------
-----------------------------------------
| time/                   |             |
|    fps                  | 48          |
|    iterations           | 24          |
|    time_elapsed         | 1021        |
|    total_timesteps      | 49152       |
| train/                  |             |
|    approx_kl            | 0.014050019 |
|    clip_fraction        | 0.113       |
|    clip_range           | 0.2         |
|    entropy_loss         | -1.46       |
|    explained_variance   | 0.673       |
|    learning_rate        | 0.0003      |
|    loss                 | 0.115       |
|    n_updates            | 230         |
|    policy_gradient_loss | -0.0179     |
|    value_loss           | 0.302       |
-----------------------------------------
-----------------------------------------
| time/                   |             |
|    fps                  | 47          |
|    iterations           | 25          |
|    time_elapsed         | 1083        |
|    total_timesteps      | 51200       |
| train/                  |             |
|    approx_kl            | 0.008303267 |
|    clip_fraction        | 0.0984      |
|    clip_range           | 0.2         |
|    entropy_loss         | -1.31       |
|    explained_variance   | 0.763       |
|    learning_rate        | 0.0003      |
|    loss                 | 0.073       |
|    n_updates            | 240         |
|    policy_gradient_loss | -0.0123     |
|    value_loss           | 0.183       |
-----------------------------------------
-----------------------------------------
| time/                   |             |
|    fps                  | 45          |
|    iterations           | 26          |
|    time_elapsed         | 1170        |
|    total_timesteps      | 53248       |
| train/                  |             |
|    approx_kl            | 0.019736804 |
|    clip_fraction        | 0.203       |
|    clip_range           | 0.2         |
|    entropy_loss         | -1.53       |
|    explained_variance   | 0.943       |
|    learning_rate        | 0.0003      |
|    loss                 | -0.0381     |
|    n_updates            | 250         |
|    policy_gradient_loss | -0.0143     |
|    value_loss           | 0.0876      |
-----------------------------------------
-----------------------------------------
| time/                   |             |
|    fps                  | 44          |
|    iterations           | 27          |
|    time_elapsed         | 1254        |
|    total_timesteps      | 55296       |
| train/                  |             |
|    approx_kl            | 0.007477003 |
|    clip_fraction        | 0.0952      |
|    clip_range           | 0.2         |
|    entropy_loss         | -1.15       |
|    explained_variance   | 0.716       |
|    learning_rate        | 0.0003      |
|    loss                 | 0.0366      |
|    n_updates            | 260         |
|    policy_gradient_loss | -0.00963    |
|    value_loss           | 0.12        |
-----------------------------------------
-----------------------------------------
| time/                   |             |
|    fps                  | 42          |
|    iterations           | 28          |
|    time_elapsed         | 1344        |
|    total_timesteps      | 57344       |
| train/                  |             |
|    approx_kl            | 0.008842858 |
|    clip_fraction        | 0.0735      |
|    clip_range           | 0.2         |
|    entropy_loss         | -1.22       |
|    explained_variance   | 0.803       |
|    learning_rate        | 0.0003      |
|    loss                 | 0.0328      |
|    n_updates            | 270         |
|    policy_gradient_loss | -0.0144     |
|    value_loss           | 0.111       |
-----------------------------------------
-----------------------------------------
| time/                   |             |
|    fps                  | 41          |
|    iterations           | 29          |
|    time_elapsed         | 1436        |
|    total_timesteps      | 59392       |
| train/                  |             |
|    approx_kl            | 0.011424648 |
|    clip_fraction        | 0.127       |
|    clip_range           | 0.2         |
|    entropy_loss         | -1.03       |
|    explained_variance   | 0.889       |
|    learning_rate        | 0.0003      |
|    loss                 | 0.0125      |
|    n_updates            | 280         |
|    policy_gradient_loss | -0.0145     |
|    value_loss           | 0.056       |
-----------------------------------------
-----------------------------------------
| time/                   |             |
|    fps                  | 40          |
|    iterations           | 30          |
|    time_elapsed         | 1527        |
|    total_timesteps      | 61440       |
| train/                  |             |
|    approx_kl            | 0.006885475 |
|    clip_fraction        | 0.082       |
|    clip_range           | 0.2         |
|    entropy_loss         | -0.998      |
|    explained_variance   | 0.902       |
|    learning_rate        | 0.0003      |
|    loss                 | -0.00954    |
|    n_updates            | 290         |
|    policy_gradient_loss | -0.0101     |
|    value_loss           | 0.0692      |
-----------------------------------------
-----------------------------------------
| time/                   |             |
|    fps                  | 39          |
|    iterations           | 31          |
|    time_elapsed         | 1623        |
|    total_timesteps      | 63488       |
| train/                  |             |
|    approx_kl            | 0.006887154 |
|    clip_fraction        | 0.0813      |
|    clip_range           | 0.2         |
|    entropy_loss         | -0.951      |
|    explained_variance   | 0.942       |
|    learning_rate        | 0.0003      |
|    loss                 | 0.0105      |
|    n_updates            | 300         |
|    policy_gradient_loss | -0.0112     |
|    value_loss           | 0.0448      |
-----------------------------------------
------------------------------------------
| time/                   |              |
|    fps                  | 38           |
|    iterations           | 32           |
|    time_elapsed         | 1681         |
|    total_timesteps      | 65536        |
| train/                  |              |
|    approx_kl            | 0.0047024456 |
|    clip_fraction        | 0.0485       |
|    clip_range           | 0.2          |
|    entropy_loss         | -0.906       |
|    explained_variance   | 0.928        |
|    learning_rate        | 0.0003       |
|    loss                 | 0.00569      |
|    n_updates            | 310          |
|    policy_gradient_loss | -0.00799     |
|    value_loss           | 0.0764       |
------------------------------------------
-----------------------------------------
| time/                   |             |
|    fps                  | 38          |
|    iterations           | 33          |
|    time_elapsed         | 1753        |
|    total_timesteps      | 67584       |
| train/                  |             |
|    approx_kl            | 0.015534593 |
|    clip_fraction        | 0.123       |
|    clip_range           | 0.2         |
|    entropy_loss         | -1.27       |
|    explained_variance   | 0.94        |
|    learning_rate        | 0.0003      |
|    loss                 | -0.0304     |
|    n_updates            | 320         |
|    policy_gradient_loss | -0.0114     |
|    value_loss           | 0.0546      |
-----------------------------------------
-----------------------------------------
| time/                   |             |
|    fps                  | 37          |
|    iterations           | 34          |
|    time_elapsed         | 1852        |
|    total_timesteps      | 69632       |
| train/                  |             |
|    approx_kl            | 0.041082732 |
|    clip_fraction        | 0.147       |
|    clip_range           | 0.2         |
|    entropy_loss         | -1.12       |
|    explained_variance   | 0.93        |
|    learning_rate        | 0.0003      |
|    loss                 | -0.0373     |
|    n_updates            | 330         |
|    policy_gradient_loss | -0.0182     |
|    value_loss           | 0.0222      |
-----------------------------------------
-----------------------------------------
| time/                   |             |
|    fps                  | 36          |
|    iterations           | 35          |
|    time_elapsed         | 1953        |
|    total_timesteps      | 71680       |
| train/                  |             |
|    approx_kl            | 0.006674311 |
|    clip_fraction        | 0.0695      |
|    clip_range           | 0.2         |
|    entropy_loss         | -0.815      |
|    explained_variance   | 0.916       |
|    learning_rate        | 0.0003      |
|    loss                 | 0.016       |
|    n_updates            | 340         |
|    policy_gradient_loss | -0.0111     |
|    value_loss           | 0.0597      |
-----------------------------------------
------------------------------------------
| time/                   |              |
|    fps                  | 35           |
|    iterations           | 36           |
|    time_elapsed         | 2057         |
|    total_timesteps      | 73728        |
| train/                  |              |
|    approx_kl            | 0.0055291164 |
|    clip_fraction        | 0.0592       |
|    clip_range           | 0.2          |
|    entropy_loss         | -0.829       |
|    explained_variance   | 0.907        |
|    learning_rate        | 0.0003       |
|    loss                 | 0.0102       |
|    n_updates            | 350          |
|    policy_gradient_loss | -0.0101      |
|    value_loss           | 0.0585       |
------------------------------------------
------------------------------------------
| time/                   |              |
|    fps                  | 34           |
|    iterations           | 37           |
|    time_elapsed         | 2165         |
|    total_timesteps      | 75776        |
| train/                  |              |
|    approx_kl            | 0.0055362224 |
|    clip_fraction        | 0.0688       |
|    clip_range           | 0.2          |
|    entropy_loss         | -0.677       |
|    explained_variance   | 0.937        |
|    learning_rate        | 0.0003       |
|    loss                 | 0.0137       |
|    n_updates            | 360          |
|    policy_gradient_loss | -0.00637     |
|    value_loss           | 0.0431       |
------------------------------------------
-----------------------------------------
| time/                   |             |
|    fps                  | 34          |
|    iterations           | 38          |
|    time_elapsed         | 2235        |
|    total_timesteps      | 77824       |
| train/                  |             |
|    approx_kl            | 0.005449525 |
|    clip_fraction        | 0.0524      |
|    clip_range           | 0.2         |
|    entropy_loss         | -0.662      |
|    explained_variance   | 0.956       |
|    learning_rate        | 0.0003      |
|    loss                 | 0.0113      |
|    n_updates            | 370         |
|    policy_gradient_loss | -0.00822    |
|    value_loss           | 0.0401      |
-----------------------------------------
------------------------------------------
| time/                   |              |
|    fps                  | 34           |
|    iterations           | 39           |
|    time_elapsed         | 2329         |
|    total_timesteps      | 79872        |
| train/                  |              |
|    approx_kl            | 0.0146756265 |
|    clip_fraction        | 0.0974       |
|    clip_range           | 0.2          |
|    entropy_loss         | -1.17        |
|    explained_variance   | 0.963        |
|    learning_rate        | 0.0003       |
|    loss                 | 0.017        |
|    n_updates            | 380          |
|    policy_gradient_loss | -0.0107      |
|    value_loss           | 0.0691       |
------------------------------------------
-----------------------------------------
| time/                   |             |
|    fps                  | 33          |
|    iterations           | 40          |
|    time_elapsed         | 2414        |
|    total_timesteps      | 81920       |
| train/                  |             |
|    approx_kl            | 0.008409722 |
|    clip_fraction        | 0.0842      |
|    clip_range           | 0.2         |
|    entropy_loss         | -0.834      |
|    explained_variance   | 0.883       |
|    learning_rate        | 0.0003      |
|    loss                 | -0.00948    |
|    n_updates            | 390         |
|    policy_gradient_loss | -0.00905    |
|    value_loss           | 0.0446      |
-----------------------------------------
-----------------------------------------
| time/                   |             |
|    fps                  | 33          |
|    iterations           | 41          |
|    time_elapsed         | 2518        |
|    total_timesteps      | 83968       |
| train/                  |             |
|    approx_kl            | 0.012808711 |
|    clip_fraction        | 0.103       |
|    clip_range           | 0.2         |
|    entropy_loss         | -1.11       |
|    explained_variance   | 0.931       |
|    learning_rate        | 0.0003      |
|    loss                 | 0.0142      |
|    n_updates            | 400         |
|    policy_gradient_loss | -0.0066     |
|    value_loss           | 0.0258      |
-----------------------------------------
------------------------------------------
| time/                   |              |
|    fps                  | 32           |
|    iterations           | 42           |
|    time_elapsed         | 2624         |
|    total_timesteps      | 86016        |
| train/                  |              |
|    approx_kl            | 0.0046264064 |
|    clip_fraction        | 0.0412       |
|    clip_range           | 0.2          |
|    entropy_loss         | -0.677       |
|    explained_variance   | 0.922        |
|    learning_rate        | 0.0003       |
|    loss                 | 0.0245       |
|    n_updates            | 410          |
|    policy_gradient_loss | -0.00884     |
|    value_loss           | 0.0699       |
------------------------------------------
-----------------------------------------
| time/                   |             |
|    fps                  | 32          |
|    iterations           | 43          |
|    time_elapsed         | 2719        |
|    total_timesteps      | 88064       |
| train/                  |             |
|    approx_kl            | 0.003924149 |
|    clip_fraction        | 0.0448      |
|    clip_range           | 0.2         |
|    entropy_loss         | -0.684      |
|    explained_variance   | 0.927       |
|    learning_rate        | 0.0003      |
|    loss                 | 0.0208      |
|    n_updates            | 420         |
|    policy_gradient_loss | -0.00758    |
|    value_loss           | 0.0522      |
-----------------------------------------
-----------------------------------------
| time/                   |             |
|    fps                  | 32          |
|    iterations           | 44          |
|    time_elapsed         | 2804        |
|    total_timesteps      | 90112       |
| train/                  |             |
|    approx_kl            | 0.009480057 |
|    clip_fraction        | 0.075       |
|    clip_range           | 0.2         |
|    entropy_loss         | -0.871      |
|    explained_variance   | 0.87        |
|    learning_rate        | 0.0003      |
|    loss                 | 0.0169      |
|    n_updates            | 430         |
|    policy_gradient_loss | -0.0081     |
|    value_loss           | 0.0552      |
-----------------------------------------
----------------------------------------
| time/                   |            |
|    fps                  | 31         |
|    iterations           | 45         |
|    time_elapsed         | 2910       |
|    total_timesteps      | 92160      |
| train/                  |            |
|    approx_kl            | 0.03023395 |
|    clip_fraction        | 0.131      |
|    clip_range           | 0.2        |
|    entropy_loss         | -0.997     |
|    explained_variance   | 0.936      |
|    learning_rate        | 0.0003     |
|    loss                 | 0.0317     |
|    n_updates            | 440        |
|    policy_gradient_loss | -0.0148    |
|    value_loss           | 0.0592     |
----------------------------------------
-----------------------------------------
| time/                   |             |
|    fps                  | 31          |
|    iterations           | 46          |
|    time_elapsed         | 2996        |
|    total_timesteps      | 94208       |
| train/                  |             |
|    approx_kl            | 0.005107295 |
|    clip_fraction        | 0.0486      |
|    clip_range           | 0.2         |
|    entropy_loss         | -0.647      |
|    explained_variance   | 0.926       |
|    learning_rate        | 0.0003      |
|    loss                 | 0.0261      |
|    n_updates            | 450         |
|    policy_gradient_loss | -0.00833    |
|    value_loss           | 0.0656      |
-----------------------------------------
-----------------------------------------
| time/                   |             |
|    fps                  | 31          |
|    iterations           | 47          |
|    time_elapsed         | 3073        |
|    total_timesteps      | 96256       |
| train/                  |             |
|    approx_kl            | 0.013773026 |
|    clip_fraction        | 0.0441      |
|    clip_range           | 0.2         |
|    entropy_loss         | -0.814      |
|    explained_variance   | 0.824       |
|    learning_rate        | 0.0003      |
|    loss                 | -0.0293     |
|    n_updates            | 460         |
|    policy_gradient_loss | -0.00805    |
|    value_loss           | 0.0562      |
-----------------------------------------
----------------------------------------
| time/                   |            |
|    fps                  | 30         |
|    iterations           | 48         |
|    time_elapsed         | 3178       |
|    total_timesteps      | 98304      |
| train/                  |            |
|    approx_kl            | 0.03313834 |
|    clip_fraction        | 0.157      |
|    clip_range           | 0.2        |
|    entropy_loss         | -1.03      |
|    explained_variance   | 0.916      |
|    learning_rate        | 0.0003     |
|    loss                 | -0.0421    |
|    n_updates            | 470        |
|    policy_gradient_loss | -0.019     |
|    value_loss           | 0.0382     |
----------------------------------------
-----------------------------------------
| time/                   |             |
|    fps                  | 30          |
|    iterations           | 49          |
|    time_elapsed         | 3289        |
|    total_timesteps      | 100352      |
| train/                  |             |
|    approx_kl            | 0.008489208 |
|    clip_fraction        | 0.0753      |
|    clip_range           | 0.2         |
|    entropy_loss         | -0.599      |
|    explained_variance   | 0.944       |
|    learning_rate        | 0.0003      |
|    loss                 | -0.00271    |
|    n_updates            | 480         |
|    policy_gradient_loss | -0.00959    |
|    value_loss           | 0.0521      |
-----------------------------------------
------------------------------------------
| time/                   |              |
|    fps                  | 30           |
|    iterations           | 50           |
|    time_elapsed         | 3357         |
|    total_timesteps      | 102400       |
| train/                  |              |
|    approx_kl            | 0.0038672334 |
|    clip_fraction        | 0.041        |
|    clip_range           | 0.2          |
|    entropy_loss         | -0.516       |
|    explained_variance   | 0.941        |
|    learning_rate        | 0.0003       |
|    loss                 | 0.0192       |
|    n_updates            | 490          |
|    policy_gradient_loss | -0.00725     |
|    value_loss           | 0.0522       |
------------------------------------------
-----------------------------------------
| time/                   |             |
|    fps                  | 30          |
|    iterations           | 51          |
|    time_elapsed         | 3422        |
|    total_timesteps      | 104448      |
| train/                  |             |
|    approx_kl            | 0.009634284 |
|    clip_fraction        | 0.0974      |
|    clip_range           | 0.2         |
|    entropy_loss         | -1.07       |
|    explained_variance   | 0.923       |
|    learning_rate        | 0.0003      |
|    loss                 | 0.0619      |
|    n_updates            | 500         |
|    policy_gradient_loss | -0.00691    |
|    value_loss           | 0.0427      |
-----------------------------------------
-----------------------------------------
| time/                   |             |
|    fps                  | 30          |
|    iterations           | 52          |
|    time_elapsed         | 3503        |
|    total_timesteps      | 106496      |
| train/                  |             |
|    approx_kl            | 0.008347176 |
|    clip_fraction        | 0.0845      |
|    clip_range           | 0.2         |
|    entropy_loss         | -1.03       |
|    explained_variance   | 0.909       |
|    learning_rate        | 0.0003      |
|    loss                 | 0.00993     |
|    n_updates            | 510         |
|    policy_gradient_loss | -0.0054     |
|    value_loss           | 0.0294      |
-----------------------------------------
-----------------------------------------
| time/                   |             |
|    fps                  | 30          |
|    iterations           | 53          |
|    time_elapsed         | 3584        |
|    total_timesteps      | 108544      |
| train/                  |             |
|    approx_kl            | 0.028121026 |
|    clip_fraction        | 0.108       |
|    clip_range           | 0.2         |
|    entropy_loss         | -0.71       |
|    explained_variance   | 0.954       |
|    learning_rate        | 0.0003      |
|    loss                 | -0.016      |
|    n_updates            | 520         |
|    policy_gradient_loss | -0.0129     |
|    value_loss           | 0.0431      |
-----------------------------------------
-----------------------------------------
| time/                   |             |
|    fps                  | 30          |
|    iterations           | 54          |
|    time_elapsed         | 3659        |
|    total_timesteps      | 110592      |
| train/                  |             |
|    approx_kl            | 0.019038511 |
|    clip_fraction        | 0.138       |
|    clip_range           | 0.2         |
|    entropy_loss         | -0.984      |
|    explained_variance   | 0.934       |
|    learning_rate        | 0.0003      |
|    loss                 | 0.0547      |
|    n_updates            | 530         |
|    policy_gradient_loss | -0.00812    |
|    value_loss           | 0.057       |
-----------------------------------------
-----------------------------------------
| time/                   |             |
|    fps                  | 30          |
|    iterations           | 55          |
|    time_elapsed         | 3713        |
|    total_timesteps      | 112640      |
| train/                  |             |
|    approx_kl            | 0.009870043 |
|    clip_fraction        | 0.0778      |
|    clip_range           | 0.2         |
|    entropy_loss         | -0.71       |
|    explained_variance   | 0.934       |
|    learning_rate        | 0.0003      |
|    loss                 | -0.000389   |
|    n_updates            | 540         |
|    policy_gradient_loss | -0.0107     |
|    value_loss           | 0.1         |
-----------------------------------------
-----------------------------------------
| time/                   |             |
|    fps                  | 29          |
|    iterations           | 56          |
|    time_elapsed         | 3827        |
|    total_timesteps      | 114688      |
| train/                  |             |
|    approx_kl            | 0.033298813 |
|    clip_fraction        | 0.245       |
|    clip_range           | 0.2         |
|    entropy_loss         | -1.29       |
|    explained_variance   | 0.957       |
|    learning_rate        | 0.0003      |
|    loss                 | -0.0426     |
|    n_updates            | 550         |
|    policy_gradient_loss | -0.0233     |
|    value_loss           | 0.0224      |
-----------------------------------------
------------------------------------------
| time/                   |              |
|    fps                  | 29           |
|    iterations           | 57           |
|    time_elapsed         | 3945         |
|    total_timesteps      | 116736       |
| train/                  |              |
|    approx_kl            | 0.0042498736 |
|    clip_fraction        | 0.0418       |
|    clip_range           | 0.2          |
|    entropy_loss         | -0.404       |
|    explained_variance   | 0.929        |
|    learning_rate        | 0.0003       |
|    loss                 | 0.0267       |
|    n_updates            | 560          |
|    policy_gradient_loss | -0.00782     |
|    value_loss           | 0.0767       |
------------------------------------------
-----------------------------------------
| time/                   |             |
|    fps                  | 29          |
|    iterations           | 58          |
|    time_elapsed         | 4024        |
|    total_timesteps      | 118784      |
| train/                  |             |
|    approx_kl            | 0.003916319 |
|    clip_fraction        | 0.0529      |
|    clip_range           | 0.2         |
|    entropy_loss         | -0.43       |
|    explained_variance   | 0.909       |
|    learning_rate        | 0.0003      |
|    loss                 | 0.0281      |
|    n_updates            | 570         |
|    policy_gradient_loss | -0.00799    |
|    value_loss           | 0.0879      |
-----------------------------------------
-----------------------------------------
| time/                   |             |
|    fps                  | 29          |
|    iterations           | 59          |
|    time_elapsed         | 4106        |
|    total_timesteps      | 120832      |
| train/                  |             |
|    approx_kl            | 0.013416605 |
|    clip_fraction        | 0.126       |
|    clip_range           | 0.2         |
|    entropy_loss         | -0.878      |
|    explained_variance   | 0.973       |
|    learning_rate        | 0.0003      |
|    loss                 | 0.0489      |
|    n_updates            | 580         |
|    policy_gradient_loss | -0.012      |
|    value_loss           | 0.0773      |
-----------------------------------------
---------------------------------------
| time/                   |           |
|    fps                  | 29        |
|    iterations           | 60        |
|    time_elapsed         | 4219      |
|    total_timesteps      | 122880    |
| train/                  |           |
|    approx_kl            | 0.0338853 |
|    clip_fraction        | 0.153     |
|    clip_range           | 0.2       |
|    entropy_loss         | -0.847    |
|    explained_variance   | 0.924     |
|    learning_rate        | 0.0003    |
|    loss                 | -0.0388   |
|    n_updates            | 590       |
|    policy_gradient_loss | -0.0163   |
|    value_loss           | 0.0456    |
---------------------------------------
------------------------------------------
| time/                   |              |
|    fps                  | 29           |
|    iterations           | 61           |
|    time_elapsed         | 4300         |
|    total_timesteps      | 124928       |
| train/                  |              |
|    approx_kl            | 0.0043974705 |
|    clip_fraction        | 0.0375       |
|    clip_range           | 0.2          |
|    entropy_loss         | -0.412       |
|    explained_variance   | 0.938        |
|    learning_rate        | 0.0003       |
|    loss                 | 0.0418       |
|    n_updates            | 600          |
|    policy_gradient_loss | -0.00466     |
|    value_loss           | 0.0691       |
------------------------------------------
----------------------------------------
| time/                   |            |
|    fps                  | 29         |
|    iterations           | 62         |
|    time_elapsed         | 4375       |
|    total_timesteps      | 126976     |
| train/                  |            |
|    approx_kl            | 0.03148848 |
|    clip_fraction        | 0.0844     |
|    clip_range           | 0.2        |
|    entropy_loss         | -0.879     |
|    explained_variance   | 0.927      |
|    learning_rate        | 0.0003     |
|    loss                 | -0.00921   |
|    n_updates            | 610        |
|    policy_gradient_loss | -0.0105    |
|    value_loss           | 0.0717     |
----------------------------------------
-----------------------------------------
| time/                   |             |
|    fps                  | 29          |
|    iterations           | 63          |
|    time_elapsed         | 4439        |
|    total_timesteps      | 129024      |
| train/                  |             |
|    approx_kl            | 0.040087357 |
|    clip_fraction        | 0.159       |
|    clip_range           | 0.2         |
|    entropy_loss         | -0.801      |
|    explained_variance   | 0.93        |
|    learning_rate        | 0.0003      |
|    loss                 | 0.126       |
|    n_updates            | 620         |
|    policy_gradient_loss | -0.0141     |
|    value_loss           | 0.0378      |
-----------------------------------------
-----------------------------------------
| time/                   |             |
|    fps                  | 28          |
|    iterations           | 64          |
|    time_elapsed         | 4523        |
|    total_timesteps      | 131072      |
| train/                  |             |
|    approx_kl            | 0.024198264 |
|    clip_fraction        | 0.123       |
|    clip_range           | 0.2         |
|    entropy_loss         | -0.88       |
|    explained_variance   | 0.943       |
|    learning_rate        | 0.0003      |
|    loss                 | -0.0376     |
|    n_updates            | 630         |
|    policy_gradient_loss | -0.0126     |
|    value_loss           | 0.0331      |
-----------------------------------------
-----------------------------------------
| time/                   |             |
|    fps                  | 28          |
|    iterations           | 65          |
|    time_elapsed         | 4607        |
|    total_timesteps      | 133120      |
| train/                  |             |
|    approx_kl            | 0.008808966 |
|    clip_fraction        | 0.0307      |
|    clip_range           | 0.2         |
|    entropy_loss         | -0.589      |
|    explained_variance   | 0.955       |
|    learning_rate        | 0.0003      |
|    loss                 | 0.0622      |
|    n_updates            | 640         |
|    policy_gradient_loss | -0.00371    |
|    value_loss           | 0.0401      |
-----------------------------------------
----------------------------------------
| time/                   |            |
|    fps                  | 28         |
|    iterations           | 66         |
|    time_elapsed         | 4688       |
|    total_timesteps      | 135168     |
| train/                  |            |
|    approx_kl            | 0.04216616 |
|    clip_fraction        | 0.121      |
|    clip_range           | 0.2        |
|    entropy_loss         | -0.652     |
|    explained_variance   | 0.95       |
|    learning_rate        | 0.0003     |
|    loss                 | 0.0801     |
|    n_updates            | 650        |
|    policy_gradient_loss | -0.0121    |
|    value_loss           | 0.0364     |
----------------------------------------
-----------------------------------------
| time/                   |             |
|    fps                  | 28          |
|    iterations           | 67          |
|    time_elapsed         | 4800        |
|    total_timesteps      | 137216      |
| train/                  |             |
|    approx_kl            | 0.006732218 |
|    clip_fraction        | 0.0601      |
|    clip_range           | 0.2         |
|    entropy_loss         | -0.663      |
|    explained_variance   | 0.967       |
|    learning_rate        | 0.0003      |
|    loss                 | 0.00886     |
|    n_updates            | 660         |
|    policy_gradient_loss | -0.00536    |
|    value_loss           | 0.0528      |
-----------------------------------------
------------------------------------------
| time/                   |              |
|    fps                  | 28           |
|    iterations           | 68           |
|    time_elapsed         | 4872         |
|    total_timesteps      | 139264       |
| train/                  |              |
|    approx_kl            | 0.0034339966 |
|    clip_fraction        | 0.0403       |
|    clip_range           | 0.2          |
|    entropy_loss         | -0.369       |
|    explained_variance   | 0.878        |
|    learning_rate        | 0.0003       |
|    loss                 | 0.0406       |
|    n_updates            | 670          |
|    policy_gradient_loss | -0.00655     |
|    value_loss           | 0.0816       |
------------------------------------------
-----------------------------------------
| time/                   |             |
|    fps                  | 28          |
|    iterations           | 69          |
|    time_elapsed         | 4987        |
|    total_timesteps      | 141312      |
| train/                  |             |
|    approx_kl            | 0.033874463 |
|    clip_fraction        | 0.102       |
|    clip_range           | 0.2         |
|    entropy_loss         | -0.977      |
|    explained_variance   | 0.932       |
|    learning_rate        | 0.0003      |
|    loss                 | -0.0332     |
|    n_updates            | 680         |
|    policy_gradient_loss | -0.00868    |
|    value_loss           | 0.051       |
-----------------------------------------
------------------------------------------
| time/                   |              |
|    fps                  | 28           |
|    iterations           | 70           |
|    time_elapsed         | 5064         |
|    total_timesteps      | 143360       |
| train/                  |              |
|    approx_kl            | 0.0023668157 |
|    clip_fraction        | 0.0155       |
|    clip_range           | 0.2          |
|    entropy_loss         | -0.297       |
|    explained_variance   | 0.936        |
|    learning_rate        | 0.0003       |
|    loss                 | 0.0388       |
|    n_updates            | 690          |
|    policy_gradient_loss | -0.00313     |
|    value_loss           | 0.0593       |
------------------------------------------
-----------------------------------------
| time/                   |             |
|    fps                  | 28          |
|    iterations           | 71          |
|    time_elapsed         | 5147        |
|    total_timesteps      | 145408      |
| train/                  |             |
|    approx_kl            | 0.029509999 |
|    clip_fraction        | 0.104       |
|    clip_range           | 0.2         |
|    entropy_loss         | -0.885      |
|    explained_variance   | 0.914       |
|    learning_rate        | 0.0003      |
|    loss                 | -0.0532     |
|    n_updates            | 700         |
|    policy_gradient_loss | -0.0138     |
|    value_loss           | 0.0422      |
-----------------------------------------
------------------------------------------
| time/                   |              |
|    fps                  | 28           |
|    iterations           | 72           |
|    time_elapsed         | 5232         |
|    total_timesteps      | 147456       |
| train/                  |              |
|    approx_kl            | 0.0074698124 |
|    clip_fraction        | 0.0693       |
|    clip_range           | 0.2          |
|    entropy_loss         | -0.821       |
|    explained_variance   | 0.977        |
|    learning_rate        | 0.0003       |
|    loss                 | 0.0205       |
|    n_updates            | 710          |
|    policy_gradient_loss | -0.0074      |
|    value_loss           | 0.028        |
------------------------------------------
-----------------------------------------
| time/                   |             |
|    fps                  | 27          |
|    iterations           | 73          |
|    time_elapsed         | 5347        |
|    total_timesteps      | 149504      |
| train/                  |             |
|    approx_kl            | 0.011945734 |
|    clip_fraction        | 0.0826      |
|    clip_range           | 0.2         |
|    entropy_loss         | -0.614      |
|    explained_variance   | 0.946       |
|    learning_rate        | 0.0003      |
|    loss                 | 0.00684     |
|    n_updates            | 720         |
|    policy_gradient_loss | -0.00716    |
|    value_loss           | 0.0466      |
-----------------------------------------
------------------------------------------
| time/                   |              |
|    fps                  | 27           |
|    iterations           | 74           |
|    time_elapsed         | 5436         |
|    total_timesteps      | 151552       |
| train/                  |              |
|    approx_kl            | 0.0027870936 |
|    clip_fraction        | 0.0276       |
|    clip_range           | 0.2          |
|    entropy_loss         | -0.285       |
|    explained_variance   | 0.914        |
|    learning_rate        | 0.0003       |
|    loss                 | 0.0304       |
|    n_updates            | 730          |
|    policy_gradient_loss | -0.00374     |
|    value_loss           | 0.0612       |
------------------------------------------
[+] Training completed successfully! Model saved to: /Users/vs7/Dev/Games/_UGT Universal Game Tester/integrations/spacerquest/models/ppo_trader_final.zip
[+] VecNormalize stats saved to: /Users/vs7/Dev/Games/_UGT Universal Game Tester/integrations/spacerquest/models/ppo_trader_vecnormalize.pkl
