WARNING:root:TensorBoard is not installed. Training will proceed without TensorBoard logging. Install it with: pip install tensorboard
[*] Initializing Universal Gymnasium Environment for project: SpacerQuest
[*] Engine: simulation | Reward Profile: explorer
[*] Algorithm: PPO | Parallel Envs: 1 | Timesteps: 100000
[*] Periodic checkpoints every 25000 timesteps → /Users/vs7/Dev/Games/_UGT Universal Game Tester/integrations/spacerquest/models/checkpoints
[*] Starting PPO training for 100000 timesteps...
[*] Seeding training with seed=42 (set training.seed in config to change)
Using cpu device
-----------------------------
| time/              |      |
|    fps             | 54   |
|    iterations      | 1    |
|    time_elapsed    | 37   |
|    total_timesteps | 2048 |
-----------------------------
-----------------------------------------
| time/                   |             |
|    fps                  | 56          |
|    iterations           | 2           |
|    time_elapsed         | 72          |
|    total_timesteps      | 4096        |
| train/                  |             |
|    approx_kl            | 0.008263625 |
|    clip_fraction        | 0.0629      |
|    clip_range           | 0.2         |
|    entropy_loss         | -2.3        |
|    explained_variance   | 0.128       |
|    learning_rate        | 0.0003      |
|    loss                 | 0.714       |
|    n_updates            | 10          |
|    policy_gradient_loss | -0.0138     |
|    value_loss           | 0.849       |
-----------------------------------------
----------------------------------------
| time/                   |            |
|    fps                  | 56         |
|    iterations           | 3          |
|    time_elapsed         | 108        |
|    total_timesteps      | 6144       |
| train/                  |            |
|    approx_kl            | 0.00949274 |
|    clip_fraction        | 0.0597     |
|    clip_range           | 0.2        |
|    entropy_loss         | -2.29      |
|    explained_variance   | 0.502      |
|    learning_rate        | 0.0003     |
|    loss                 | 0.248      |
|    n_updates            | 20         |
|    policy_gradient_loss | -0.00944   |
|    value_loss           | 0.3        |
----------------------------------------
-----------------------------------------
| time/                   |             |
|    fps                  | 56          |
|    iterations           | 4           |
|    time_elapsed         | 146         |
|    total_timesteps      | 8192        |
| train/                  |             |
|    approx_kl            | 0.011811518 |
|    clip_fraction        | 0.0795      |
|    clip_range           | 0.2         |
|    entropy_loss         | -2.28       |
|    explained_variance   | 0.428       |
|    learning_rate        | 0.0003      |
|    loss                 | 0.329       |
|    n_updates            | 30          |
|    policy_gradient_loss | -0.0143     |
|    value_loss           | 0.351       |
-----------------------------------------
-----------------------------------------
| time/                   |             |
|    fps                  | 55          |
|    iterations           | 5           |
|    time_elapsed         | 183         |
|    total_timesteps      | 10240       |
| train/                  |             |
|    approx_kl            | 0.011577777 |
|    clip_fraction        | 0.0829      |
|    clip_range           | 0.2         |
|    entropy_loss         | -2.26       |
|    explained_variance   | 0.52        |
|    learning_rate        | 0.0003      |
|    loss                 | 0.543       |
|    n_updates            | 40          |
|    policy_gradient_loss | -0.0125     |
|    value_loss           | 0.395       |
-----------------------------------------
----------------------------------------
| time/                   |            |
|    fps                  | 55         |
|    iterations           | 6          |
|    time_elapsed         | 220        |
|    total_timesteps      | 12288      |
| train/                  |            |
|    approx_kl            | 0.01120521 |
|    clip_fraction        | 0.0887     |
|    clip_range           | 0.2        |
|    entropy_loss         | -2.24      |
|    explained_variance   | 0.57       |
|    learning_rate        | 0.0003     |
|    loss                 | 0.0309     |
|    n_updates            | 50         |
|    policy_gradient_loss | -0.0133    |
|    value_loss           | 0.311      |
----------------------------------------
-----------------------------------------
| time/                   |             |
|    fps                  | 54          |
|    iterations           | 7           |
|    time_elapsed         | 260         |
|    total_timesteps      | 14336       |
| train/                  |             |
|    approx_kl            | 0.015677884 |
|    clip_fraction        | 0.129       |
|    clip_range           | 0.2         |
|    entropy_loss         | -2.2        |
|    explained_variance   | 0.762       |
|    learning_rate        | 0.0003      |
|    loss                 | 0.0306      |
|    n_updates            | 60          |
|    policy_gradient_loss | -0.0159     |
|    value_loss           | 0.0662      |
-----------------------------------------
-----------------------------------------
| time/                   |             |
|    fps                  | 55          |
|    iterations           | 8           |
|    time_elapsed         | 295         |
|    total_timesteps      | 16384       |
| train/                  |             |
|    approx_kl            | 0.011295396 |
|    clip_fraction        | 0.103       |
|    clip_range           | 0.2         |
|    entropy_loss         | -2.18       |
|    explained_variance   | 0.677       |
|    learning_rate        | 0.0003      |
|    loss                 | 0.0683      |
|    n_updates            | 70          |
|    policy_gradient_loss | -0.0139     |
|    value_loss           | 0.253       |
-----------------------------------------
----------------------------------------
| time/                   |            |
|    fps                  | 55         |
|    iterations           | 9          |
|    time_elapsed         | 334        |
|    total_timesteps      | 18432      |
| train/                  |            |
|    approx_kl            | 0.01882011 |
|    clip_fraction        | 0.187      |
|    clip_range           | 0.2        |
|    entropy_loss         | -2.19      |
|    explained_variance   | 0.921      |
|    learning_rate        | 0.0003     |
|    loss                 | -0.0461    |
|    n_updates            | 80         |
|    policy_gradient_loss | -0.022     |
|    value_loss           | 0.012      |
----------------------------------------
----------------------------------------
| time/                   |            |
|    fps                  | 54         |
|    iterations           | 10         |
|    time_elapsed         | 375        |
|    total_timesteps      | 20480      |
| train/                  |            |
|    approx_kl            | 0.01788893 |
|    clip_fraction        | 0.0845     |
|    clip_range           | 0.2        |
|    entropy_loss         | -2.12      |
|    explained_variance   | 0.521      |
|    learning_rate        | 0.0003     |
|    loss                 | 0.0245     |
|    n_updates            | 90         |
|    policy_gradient_loss | -0.0155    |
|    value_loss           | 0.266      |
----------------------------------------
-----------------------------------------
| time/                   |             |
|    fps                  | 53          |
|    iterations           | 11          |
|    time_elapsed         | 423         |
|    total_timesteps      | 22528       |
| train/                  |             |
|    approx_kl            | 0.019218814 |
|    clip_fraction        | 0.112       |
|    clip_range           | 0.2         |
|    entropy_loss         | -2.08       |
|    explained_variance   | 0.895       |
|    learning_rate        | 0.0003      |
|    loss                 | 0.0609      |
|    n_updates            | 100         |
|    policy_gradient_loss | -0.0155     |
|    value_loss           | 0.125       |
-----------------------------------------
-----------------------------------------
| time/                   |             |
|    fps                  | 52          |
|    iterations           | 12          |
|    time_elapsed         | 466         |
|    total_timesteps      | 24576       |
| train/                  |             |
|    approx_kl            | 0.017895222 |
|    clip_fraction        | 0.145       |
|    clip_range           | 0.2         |
|    entropy_loss         | -1.95       |
|    explained_variance   | 0.821       |
|    learning_rate        | 0.0003      |
|    loss                 | 0.0197      |
|    n_updates            | 110         |
|    policy_gradient_loss | -0.0177     |
|    value_loss           | 0.363       |
-----------------------------------------
-----------------------------------------
| time/                   |             |
|    fps                  | 51          |
|    iterations           | 13          |
|    time_elapsed         | 512         |
|    total_timesteps      | 26624       |
| train/                  |             |
|    approx_kl            | 0.017059462 |
|    clip_fraction        | 0.113       |
|    clip_range           | 0.2         |
|    entropy_loss         | -1.94       |
|    explained_variance   | 0.573       |
|    learning_rate        | 0.0003      |
|    loss                 | 0.0127      |
|    n_updates            | 120         |
|    policy_gradient_loss | -0.0137     |
|    value_loss           | 0.251       |
-----------------------------------------
-----------------------------------------
| time/                   |             |
|    fps                  | 49          |
|    iterations           | 14          |
|    time_elapsed         | 577         |
|    total_timesteps      | 28672       |
| train/                  |             |
|    approx_kl            | 0.015426528 |
|    clip_fraction        | 0.134       |
|    clip_range           | 0.2         |
|    entropy_loss         | -1.87       |
|    explained_variance   | 0.916       |
|    learning_rate        | 0.0003      |
|    loss                 | 0.0139      |
|    n_updates            | 130         |
|    policy_gradient_loss | -0.0186     |
|    value_loss           | 0.253       |
-----------------------------------------
-----------------------------------------
| time/                   |             |
|    fps                  | 47          |
|    iterations           | 15          |
|    time_elapsed         | 645         |
|    total_timesteps      | 30720       |
| train/                  |             |
|    approx_kl            | 0.013627138 |
|    clip_fraction        | 0.141       |
|    clip_range           | 0.2         |
|    entropy_loss         | -1.56       |
|    explained_variance   | 0.782       |
|    learning_rate        | 0.0003      |
|    loss                 | 0.142       |
|    n_updates            | 140         |
|    policy_gradient_loss | -0.0128     |
|    value_loss           | 0.375       |
-----------------------------------------
-----------------------------------------
| time/                   |             |
|    fps                  | 46          |
|    iterations           | 16          |
|    time_elapsed         | 701         |
|    total_timesteps      | 32768       |
| train/                  |             |
|    approx_kl            | 0.015910408 |
|    clip_fraction        | 0.189       |
|    clip_range           | 0.2         |
|    entropy_loss         | -1.47       |
|    explained_variance   | 0.863       |
|    learning_rate        | 0.0003      |
|    loss                 | 0.0639      |
|    n_updates            | 150         |
|    policy_gradient_loss | -0.0219     |
|    value_loss           | 0.211       |
-----------------------------------------
-----------------------------------------
| time/                   |             |
|    fps                  | 45          |
|    iterations           | 17          |
|    time_elapsed         | 773         |
|    total_timesteps      | 34816       |
| train/                  |             |
|    approx_kl            | 0.017940074 |
|    clip_fraction        | 0.163       |
|    clip_range           | 0.2         |
|    entropy_loss         | -1.59       |
|    explained_variance   | 0.965       |
|    learning_rate        | 0.0003      |
|    loss                 | 0.0422      |
|    n_updates            | 160         |
|    policy_gradient_loss | -0.0151     |
|    value_loss           | 0.0825      |
-----------------------------------------
----------------------------------------
| time/                   |            |
|    fps                  | 44         |
|    iterations           | 18         |
|    time_elapsed         | 827        |
|    total_timesteps      | 36864      |
| train/                  |            |
|    approx_kl            | 0.03129623 |
|    clip_fraction        | 0.183      |
|    clip_range           | 0.2        |
|    entropy_loss         | -1.29      |
|    explained_variance   | 0.916      |
|    learning_rate        | 0.0003     |
|    loss                 | -0.0186    |
|    n_updates            | 170        |
|    policy_gradient_loss | -0.0164    |
|    value_loss           | 0.121      |
----------------------------------------
----------------------------------------
| time/                   |            |
|    fps                  | 42         |
|    iterations           | 19         |
|    time_elapsed         | 912        |
|    total_timesteps      | 38912      |
| train/                  |            |
|    approx_kl            | 0.01747055 |
|    clip_fraction        | 0.235      |
|    clip_range           | 0.2        |
|    entropy_loss         | -1.71      |
|    explained_variance   | 0.973      |
|    learning_rate        | 0.0003     |
|    loss                 | 0.0151     |
|    n_updates            | 180        |
|    policy_gradient_loss | -0.0133    |
|    value_loss           | 0.0767     |
----------------------------------------
-----------------------------------------
| time/                   |             |
|    fps                  | 41          |
|    iterations           | 20          |
|    time_elapsed         | 977         |
|    total_timesteps      | 40960       |
| train/                  |             |
|    approx_kl            | 0.010479593 |
|    clip_fraction        | 0.121       |
|    clip_range           | 0.2         |
|    entropy_loss         | -1.1        |
|    explained_variance   | 0.459       |
|    learning_rate        | 0.0003      |
|    loss                 | 0.0569      |
|    n_updates            | 190         |
|    policy_gradient_loss | -0.0185     |
|    value_loss           | 0.17        |
-----------------------------------------
-----------------------------------------
| time/                   |             |
|    fps                  | 40          |
|    iterations           | 21          |
|    time_elapsed         | 1071        |
|    total_timesteps      | 43008       |
| train/                  |             |
|    approx_kl            | 0.012317321 |
|    clip_fraction        | 0.0835      |
|    clip_range           | 0.2         |
|    entropy_loss         | -1.36       |
|    explained_variance   | 0.965       |
|    learning_rate        | 0.0003      |
|    loss                 | -0.0212     |
|    n_updates            | 200         |
|    policy_gradient_loss | -0.00896    |
|    value_loss           | 0.0591      |
-----------------------------------------
-----------------------------------------
| time/                   |             |
|    fps                  | 39          |
|    iterations           | 22          |
|    time_elapsed         | 1132        |
|    total_timesteps      | 45056       |
| train/                  |             |
|    approx_kl            | 0.009781957 |
|    clip_fraction        | 0.102       |
|    clip_range           | 0.2         |
|    entropy_loss         | -0.864      |
|    explained_variance   | 0.767       |
|    learning_rate        | 0.0003      |
|    loss                 | 0.0259      |
|    n_updates            | 210         |
|    policy_gradient_loss | -0.0133     |
|    value_loss           | 0.0717      |
-----------------------------------------
