WARNING:root:TensorBoard is not installed. Training will proceed without TensorBoard logging. Install it with: pip install tensorboard
[*] Initializing Universal Gymnasium Environment for project: SpacerQuest
[*] Engine: simulation | Reward Profile: trader
[*] Algorithm: PPO | Parallel Envs: 1 | Timesteps: 100000
[*] Periodic checkpoints every 25000 timesteps → /Users/vs7/Dev/Games/_UGT Universal Game Tester/integrations/spacerquest/models/checkpoints
[*] Starting PPO training for 100000 timesteps...
[*] Seeding training with seed=42 (set training.seed in config to change)
Using cpu device
-----------------------------
| time/              |      |
|    fps             | 83   |
|    iterations      | 1    |
|    time_elapsed    | 24   |
|    total_timesteps | 2048 |
-----------------------------
-----------------------------------------
| time/                   |             |
|    fps                  | 80          |
|    iterations           | 2           |
|    time_elapsed         | 51          |
|    total_timesteps      | 4096        |
| train/                  |             |
|    approx_kl            | 0.009376232 |
|    clip_fraction        | 0.0598      |
|    clip_range           | 0.2         |
|    entropy_loss         | -2.3        |
|    explained_variance   | 0.421       |
|    learning_rate        | 0.0003      |
|    loss                 | -0.0116     |
|    n_updates            | 10          |
|    policy_gradient_loss | -0.0131     |
|    value_loss           | 0.0844      |
-----------------------------------------
------------------------------------------
| time/                   |              |
|    fps                  | 79           |
|    iterations           | 3            |
|    time_elapsed         | 77           |
|    total_timesteps      | 6144         |
| train/                  |              |
|    approx_kl            | 0.0076646884 |
|    clip_fraction        | 0.0523       |
|    clip_range           | 0.2          |
|    entropy_loss         | -2.28        |
|    explained_variance   | 0.557        |
|    learning_rate        | 0.0003       |
|    loss                 | 0.0138       |
|    n_updates            | 20           |
|    policy_gradient_loss | -0.0131      |
|    value_loss           | 0.395        |
------------------------------------------
-----------------------------------------
| time/                   |             |
|    fps                  | 80          |
|    iterations           | 4           |
|    time_elapsed         | 101         |
|    total_timesteps      | 8192        |
| train/                  |             |
|    approx_kl            | 0.011027522 |
|    clip_fraction        | 0.064       |
|    clip_range           | 0.2         |
|    entropy_loss         | -2.27       |
|    explained_variance   | 0.696       |
|    learning_rate        | 0.0003      |
|    loss                 | 0.00458     |
|    n_updates            | 30          |
|    policy_gradient_loss | -0.00866    |
|    value_loss           | 0.154       |
-----------------------------------------
-----------------------------------------
| time/                   |             |
|    fps                  | 75          |
|    iterations           | 5           |
|    time_elapsed         | 135         |
|    total_timesteps      | 10240       |
| train/                  |             |
|    approx_kl            | 0.017964467 |
|    clip_fraction        | 0.0985      |
|    clip_range           | 0.2         |
|    entropy_loss         | -2.28       |
|    explained_variance   | 0.912       |
|    learning_rate        | 0.0003      |
|    loss                 | -0.0117     |
|    n_updates            | 40          |
|    policy_gradient_loss | -0.0172     |
|    value_loss           | 0.0302      |
-----------------------------------------
-----------------------------------------
| time/                   |             |
|    fps                  | 72          |
|    iterations           | 6           |
|    time_elapsed         | 170         |
|    total_timesteps      | 12288       |
| train/                  |             |
|    approx_kl            | 0.012074955 |
|    clip_fraction        | 0.104       |
|    clip_range           | 0.2         |
|    entropy_loss         | -2.25       |
|    explained_variance   | 0.875       |
|    learning_rate        | 0.0003      |
|    loss                 | 0.0133      |
|    n_updates            | 50          |
|    policy_gradient_loss | -0.0124     |
|    value_loss           | 0.0541      |
-----------------------------------------
-----------------------------------------
| time/                   |             |
|    fps                  | 69          |
|    iterations           | 7           |
|    time_elapsed         | 207         |
|    total_timesteps      | 14336       |
| train/                  |             |
|    approx_kl            | 0.018496245 |
|    clip_fraction        | 0.164       |
|    clip_range           | 0.2         |
|    entropy_loss         | -2.26       |
|    explained_variance   | 0.93        |
|    learning_rate        | 0.0003      |
|    loss                 | -0.067      |
|    n_updates            | 60          |
|    policy_gradient_loss | -0.0215     |
|    value_loss           | 0.0327      |
-----------------------------------------
-----------------------------------------
| time/                   |             |
|    fps                  | 67          |
|    iterations           | 8           |
|    time_elapsed         | 243         |
|    total_timesteps      | 16384       |
| train/                  |             |
|    approx_kl            | 0.014820856 |
|    clip_fraction        | 0.108       |
|    clip_range           | 0.2         |
|    entropy_loss         | -2.22       |
|    explained_variance   | 0.911       |
|    learning_rate        | 0.0003      |
|    loss                 | -0.0438     |
|    n_updates            | 70          |
|    policy_gradient_loss | -0.0158     |
|    value_loss           | 0.0317      |
-----------------------------------------
-----------------------------------------
| time/                   |             |
|    fps                  | 64          |
|    iterations           | 9           |
|    time_elapsed         | 286         |
|    total_timesteps      | 18432       |
| train/                  |             |
|    approx_kl            | 0.015676491 |
|    clip_fraction        | 0.175       |
|    clip_range           | 0.2         |
|    entropy_loss         | -2.21       |
|    explained_variance   | 0.945       |
|    learning_rate        | 0.0003      |
|    loss                 | -0.00961    |
|    n_updates            | 80          |
|    policy_gradient_loss | -0.0166     |
|    value_loss           | 0.0017      |
-----------------------------------------
-----------------------------------------
| time/                   |             |
|    fps                  | 64          |
|    iterations           | 10          |
|    time_elapsed         | 319         |
|    total_timesteps      | 20480       |
| train/                  |             |
|    approx_kl            | 0.011970599 |
|    clip_fraction        | 0.108       |
|    clip_range           | 0.2         |
|    entropy_loss         | -2.17       |
|    explained_variance   | 0.911       |
|    learning_rate        | 0.0003      |
|    loss                 | 0.0597      |
|    n_updates            | 90          |
|    policy_gradient_loss | -0.0175     |
|    value_loss           | 0.0927      |
-----------------------------------------
-----------------------------------------
| time/                   |             |
|    fps                  | 63          |
|    iterations           | 11          |
|    time_elapsed         | 354         |
|    total_timesteps      | 22528       |
| train/                  |             |
|    approx_kl            | 0.016087584 |
|    clip_fraction        | 0.117       |
|    clip_range           | 0.2         |
|    entropy_loss         | -2.22       |
|    explained_variance   | 0.958       |
|    learning_rate        | 0.0003      |
|    loss                 | 0.0127      |
|    n_updates            | 100         |
|    policy_gradient_loss | -0.0117     |
|    value_loss           | 0.00633     |
-----------------------------------------
-----------------------------------------
| time/                   |             |
|    fps                  | 63          |
|    iterations           | 12          |
|    time_elapsed         | 389         |
|    total_timesteps      | 24576       |
| train/                  |             |
|    approx_kl            | 0.018456042 |
|    clip_fraction        | 0.105       |
|    clip_range           | 0.2         |
|    entropy_loss         | -2.15       |
|    explained_variance   | 0.919       |
|    learning_rate        | 0.0003      |
|    loss                 | 0.0105      |
|    n_updates            | 110         |
|    policy_gradient_loss | -0.0172     |
|    value_loss           | 0.0374      |
-----------------------------------------
-----------------------------------------
| time/                   |             |
|    fps                  | 61          |
|    iterations           | 13          |
|    time_elapsed         | 430         |
|    total_timesteps      | 26624       |
| train/                  |             |
|    approx_kl            | 0.022061765 |
|    clip_fraction        | 0.151       |
|    clip_range           | 0.2         |
|    entropy_loss         | -2.13       |
|    explained_variance   | 0.942       |
|    learning_rate        | 0.0003      |
|    loss                 | -0.0238     |
|    n_updates            | 120         |
|    policy_gradient_loss | -0.0242     |
|    value_loss           | 0.0234      |
-----------------------------------------
-----------------------------------------
| time/                   |             |
|    fps                  | 60          |
|    iterations           | 14          |
|    time_elapsed         | 470         |
|    total_timesteps      | 28672       |
| train/                  |             |
|    approx_kl            | 0.013255628 |
|    clip_fraction        | 0.0987      |
|    clip_range           | 0.2         |
|    entropy_loss         | -2.08       |
|    explained_variance   | 0.868       |
|    learning_rate        | 0.0003      |
|    loss                 | -0.00801    |
|    n_updates            | 130         |
|    policy_gradient_loss | -0.0176     |
|    value_loss           | 0.0763      |
-----------------------------------------
-----------------------------------------
| time/                   |             |
|    fps                  | 60          |
|    iterations           | 15          |
|    time_elapsed         | 506         |
|    total_timesteps      | 30720       |
| train/                  |             |
|    approx_kl            | 0.012908496 |
|    clip_fraction        | 0.124       |
|    clip_range           | 0.2         |
|    entropy_loss         | -2.06       |
|    explained_variance   | 0.895       |
|    learning_rate        | 0.0003      |
|    loss                 | -0.0164     |
|    n_updates            | 140         |
|    policy_gradient_loss | -0.0143     |
|    value_loss           | 0.114       |
-----------------------------------------
-----------------------------------------
| time/                   |             |
|    fps                  | 59          |
|    iterations           | 16          |
|    time_elapsed         | 547         |
|    total_timesteps      | 32768       |
| train/                  |             |
|    approx_kl            | 0.016466472 |
|    clip_fraction        | 0.162       |
|    clip_range           | 0.2         |
|    entropy_loss         | -2.14       |
|    explained_variance   | 0.948       |
|    learning_rate        | 0.0003      |
|    loss                 | 0.0284      |
|    n_updates            | 150         |
|    policy_gradient_loss | -0.016      |
|    value_loss           | 0.00942     |
-----------------------------------------
-----------------------------------------
| time/                   |             |
|    fps                  | 59          |
|    iterations           | 17          |
|    time_elapsed         | 588         |
|    total_timesteps      | 34816       |
| train/                  |             |
|    approx_kl            | 0.015935801 |
|    clip_fraction        | 0.134       |
|    clip_range           | 0.2         |
|    entropy_loss         | -2.03       |
|    explained_variance   | 0.924       |
|    learning_rate        | 0.0003      |
|    loss                 | -0.00758    |
|    n_updates            | 160         |
|    policy_gradient_loss | -0.0178     |
|    value_loss           | 0.0647      |
-----------------------------------------
-----------------------------------------
| time/                   |             |
|    fps                  | 58          |
|    iterations           | 18          |
|    time_elapsed         | 630         |
|    total_timesteps      | 36864       |
| train/                  |             |
|    approx_kl            | 0.012850674 |
|    clip_fraction        | 0.0703      |
|    clip_range           | 0.2         |
|    entropy_loss         | -1.98       |
|    explained_variance   | 0.827       |
|    learning_rate        | 0.0003      |
|    loss                 | 0.0358      |
|    n_updates            | 170         |
|    policy_gradient_loss | -0.0127     |
|    value_loss           | 0.116       |
-----------------------------------------
-----------------------------------------
| time/                   |             |
|    fps                  | 58          |
|    iterations           | 19          |
|    time_elapsed         | 667         |
|    total_timesteps      | 38912       |
| train/                  |             |
|    approx_kl            | 0.010911063 |
|    clip_fraction        | 0.0933      |
|    clip_range           | 0.2         |
|    entropy_loss         | -1.95       |
|    explained_variance   | 0.93        |
|    learning_rate        | 0.0003      |
|    loss                 | 0.00702     |
|    n_updates            | 180         |
|    policy_gradient_loss | -0.0184     |
|    value_loss           | 0.0642      |
-----------------------------------------
-----------------------------------------
| time/                   |             |
|    fps                  | 58          |
|    iterations           | 20          |
|    time_elapsed         | 704         |
|    total_timesteps      | 40960       |
| train/                  |             |
|    approx_kl            | 0.015835106 |
|    clip_fraction        | 0.146       |
|    clip_range           | 0.2         |
|    entropy_loss         | -2          |
|    explained_variance   | 0.953       |
|    learning_rate        | 0.0003      |
|    loss                 | -0.0405     |
|    n_updates            | 190         |
|    policy_gradient_loss | -0.0141     |
|    value_loss           | 0.00522     |
-----------------------------------------
----------------------------------------
| time/                   |            |
|    fps                  | 58         |
|    iterations           | 21         |
|    time_elapsed         | 736        |
|    total_timesteps      | 43008      |
| train/                  |            |
|    approx_kl            | 0.01085301 |
|    clip_fraction        | 0.0911     |
|    clip_range           | 0.2        |
|    entropy_loss         | -2         |
|    explained_variance   | 0.955      |
|    learning_rate        | 0.0003     |
|    loss                 | -0.0225    |
|    n_updates            | 200        |
|    policy_gradient_loss | -0.0168    |
|    value_loss           | 0.0327     |
----------------------------------------
-----------------------------------------
| time/                   |             |
|    fps                  | 58          |
|    iterations           | 22          |
|    time_elapsed         | 766         |
|    total_timesteps      | 45056       |
| train/                  |             |
|    approx_kl            | 0.018636566 |
|    clip_fraction        | 0.213       |
|    clip_range           | 0.2         |
|    entropy_loss         | -2.14       |
|    explained_variance   | 0.94        |
|    learning_rate        | 0.0003      |
|    loss                 | -0.0127     |
|    n_updates            | 210         |
|    policy_gradient_loss | -0.0145     |
|    value_loss           | 0.00295     |
-----------------------------------------
-----------------------------------------
| time/                   |             |
|    fps                  | 58          |
|    iterations           | 23          |
|    time_elapsed         | 809         |
|    total_timesteps      | 47104       |
| train/                  |             |
|    approx_kl            | 0.009151079 |
|    clip_fraction        | 0.0537      |
|    clip_range           | 0.2         |
|    entropy_loss         | -2.11       |
|    explained_variance   | 0.884       |
|    learning_rate        | 0.0003      |
|    loss                 | -0.033      |
|    n_updates            | 220         |
|    policy_gradient_loss | -0.0135     |
|    value_loss           | 0.0263      |
-----------------------------------------
-----------------------------------------
| time/                   |             |
|    fps                  | 57          |
|    iterations           | 24          |
|    time_elapsed         | 851         |
|    total_timesteps      | 49152       |
| train/                  |             |
|    approx_kl            | 0.023168553 |
|    clip_fraction        | 0.116       |
|    clip_range           | 0.2         |
|    entropy_loss         | -1.79       |
|    explained_variance   | 0.853       |
|    learning_rate        | 0.0003      |
|    loss                 | 0.013       |
|    n_updates            | 230         |
|    policy_gradient_loss | -0.0133     |
|    value_loss           | 0.28        |
-----------------------------------------
------------------------------------------
| time/                   |              |
|    fps                  | 57           |
|    iterations           | 25           |
|    time_elapsed         | 898          |
|    total_timesteps      | 51200        |
| train/                  |              |
|    approx_kl            | 0.0109633235 |
|    clip_fraction        | 0.0718       |
|    clip_range           | 0.2          |
|    entropy_loss         | -1.77        |
|    explained_variance   | 0.844        |
|    learning_rate        | 0.0003       |
|    loss                 | 0.162        |
|    n_updates            | 240          |
|    policy_gradient_loss | -0.0141      |
|    value_loss           | 0.318        |
------------------------------------------
-----------------------------------------
| time/                   |             |
|    fps                  | 56          |
|    iterations           | 26          |
|    time_elapsed         | 943         |
|    total_timesteps      | 53248       |
| train/                  |             |
|    approx_kl            | 0.010598289 |
|    clip_fraction        | 0.0728      |
|    clip_range           | 0.2         |
|    entropy_loss         | -1.77       |
|    explained_variance   | 0.784       |
|    learning_rate        | 0.0003      |
|    loss                 | 0.0655      |
|    n_updates            | 250         |
|    policy_gradient_loss | -0.0113     |
|    value_loss           | 0.366       |
-----------------------------------------
-----------------------------------------
| time/                   |             |
|    fps                  | 55          |
|    iterations           | 27          |
|    time_elapsed         | 989         |
|    total_timesteps      | 55296       |
| train/                  |             |
|    approx_kl            | 0.010473503 |
|    clip_fraction        | 0.128       |
|    clip_range           | 0.2         |
|    entropy_loss         | -1.67       |
|    explained_variance   | 0.679       |
|    learning_rate        | 0.0003      |
|    loss                 | 0.112       |
|    n_updates            | 260         |
|    policy_gradient_loss | -0.0163     |
|    value_loss           | 0.57        |
-----------------------------------------
-----------------------------------------
| time/                   |             |
|    fps                  | 54          |
|    iterations           | 28          |
|    time_elapsed         | 1044        |
|    total_timesteps      | 57344       |
| train/                  |             |
|    approx_kl            | 0.026738614 |
|    clip_fraction        | 0.138       |
|    clip_range           | 0.2         |
|    entropy_loss         | -1.73       |
|    explained_variance   | 0.802       |
|    learning_rate        | 0.0003      |
|    loss                 | 0.00737     |
|    n_updates            | 270         |
|    policy_gradient_loss | -0.0143     |
|    value_loss           | 0.112       |
-----------------------------------------
------------------------------------------
| time/                   |              |
|    fps                  | 54           |
|    iterations           | 29           |
|    time_elapsed         | 1086         |
|    total_timesteps      | 59392        |
| train/                  |              |
|    approx_kl            | 0.0092905965 |
|    clip_fraction        | 0.089        |
|    clip_range           | 0.2          |
|    entropy_loss         | -1.57        |
|    explained_variance   | 0.761        |
|    learning_rate        | 0.0003       |
|    loss                 | 0.13         |
|    n_updates            | 280          |
|    policy_gradient_loss | -0.0155      |
|    value_loss           | 0.205        |
------------------------------------------
-----------------------------------------
| time/                   |             |
|    fps                  | 53          |
|    iterations           | 30          |
|    time_elapsed         | 1142        |
|    total_timesteps      | 61440       |
| train/                  |             |
|    approx_kl            | 0.021500848 |
|    clip_fraction        | 0.196       |
|    clip_range           | 0.2         |
|    entropy_loss         | -1.67       |
|    explained_variance   | 0.793       |
|    learning_rate        | 0.0003      |
|    loss                 | 0.0363      |
|    n_updates            | 290         |
|    policy_gradient_loss | -0.0193     |
|    value_loss           | 0.0845      |
-----------------------------------------
-----------------------------------------
| time/                   |             |
|    fps                  | 52          |
|    iterations           | 31          |
|    time_elapsed         | 1214        |
|    total_timesteps      | 63488       |
| train/                  |             |
|    approx_kl            | 0.010229309 |
|    clip_fraction        | 0.106       |
|    clip_range           | 0.2         |
|    entropy_loss         | -1.53       |
|    explained_variance   | 0.855       |
|    learning_rate        | 0.0003      |
|    loss                 | -0.0127     |
|    n_updates            | 300         |
|    policy_gradient_loss | -0.0132     |
|    value_loss           | 0.104       |
-----------------------------------------
-----------------------------------------
| time/                   |             |
|    fps                  | 51          |
|    iterations           | 32          |
|    time_elapsed         | 1274        |
|    total_timesteps      | 65536       |
| train/                  |             |
|    approx_kl            | 0.012409681 |
|    clip_fraction        | 0.145       |
|    clip_range           | 0.2         |
|    entropy_loss         | -1.34       |
|    explained_variance   | 0.878       |
|    learning_rate        | 0.0003      |
|    loss                 | 0.0499      |
|    n_updates            | 310         |
|    policy_gradient_loss | -0.0151     |
|    value_loss           | 0.155       |
-----------------------------------------
-----------------------------------------
| time/                   |             |
|    fps                  | 50          |
|    iterations           | 33          |
|    time_elapsed         | 1349        |
|    total_timesteps      | 67584       |
| train/                  |             |
|    approx_kl            | 0.019502956 |
|    clip_fraction        | 0.121       |
|    clip_range           | 0.2         |
|    entropy_loss         | -1.53       |
|    explained_variance   | 0.819       |
|    learning_rate        | 0.0003      |
|    loss                 | -0.0384     |
|    n_updates            | 320         |
|    policy_gradient_loss | -0.0118     |
|    value_loss           | 0.12        |
-----------------------------------------
------------------------------------------
| time/                   |              |
|    fps                  | 48           |
|    iterations           | 34           |
|    time_elapsed         | 1430         |
|    total_timesteps      | 69632        |
| train/                  |              |
|    approx_kl            | 0.0063967793 |
|    clip_fraction        | 0.0858       |
|    clip_range           | 0.2          |
|    entropy_loss         | -1.3         |
|    explained_variance   | 0.878        |
|    learning_rate        | 0.0003       |
|    loss                 | 0.0539       |
|    n_updates            | 330          |
|    policy_gradient_loss | -0.00942     |
|    value_loss           | 0.177        |
------------------------------------------
-----------------------------------------
| time/                   |             |
|    fps                  | 47          |
|    iterations           | 35          |
|    time_elapsed         | 1513        |
|    total_timesteps      | 71680       |
| train/                  |             |
|    approx_kl            | 0.009585863 |
|    clip_fraction        | 0.104       |
|    clip_range           | 0.2         |
|    entropy_loss         | -1.27       |
|    explained_variance   | 0.781       |
|    learning_rate        | 0.0003      |
|    loss                 | 0.0935      |
|    n_updates            | 340         |
|    policy_gradient_loss | -0.0158     |
|    value_loss           | 0.255       |
-----------------------------------------
-----------------------------------------
| time/                   |             |
|    fps                  | 46          |
|    iterations           | 36          |
|    time_elapsed         | 1586        |
|    total_timesteps      | 73728       |
| train/                  |             |
|    approx_kl            | 0.007090534 |
|    clip_fraction        | 0.0636      |
|    clip_range           | 0.2         |
|    entropy_loss         | -1.18       |
|    explained_variance   | 0.826       |
|    learning_rate        | 0.0003      |
|    loss                 | 0.0786      |
|    n_updates            | 350         |
|    policy_gradient_loss | -0.0103     |
|    value_loss           | 0.188       |
-----------------------------------------
----------------------------------------
| time/                   |            |
|    fps                  | 45         |
|    iterations           | 37         |
|    time_elapsed         | 1676       |
|    total_timesteps      | 75776      |
| train/                  |            |
|    approx_kl            | 0.02698393 |
|    clip_fraction        | 0.0878     |
|    clip_range           | 0.2        |
|    entropy_loss         | -1.36      |
|    explained_variance   | 0.911      |
|    learning_rate        | 0.0003     |
|    loss                 | 0.00773    |
|    n_updates            | 360        |
|    policy_gradient_loss | -0.0102    |
|    value_loss           | 0.111      |
----------------------------------------
-----------------------------------------
| time/                   |             |
|    fps                  | 44          |
|    iterations           | 38          |
|    time_elapsed         | 1765        |
|    total_timesteps      | 77824       |
| train/                  |             |
|    approx_kl            | 0.009719617 |
|    clip_fraction        | 0.112       |
|    clip_range           | 0.2         |
|    entropy_loss         | -1.04       |
|    explained_variance   | 0.91        |
|    learning_rate        | 0.0003      |
|    loss                 | 0.0678      |
|    n_updates            | 370         |
|    policy_gradient_loss | -0.0122     |
|    value_loss           | 0.159       |
-----------------------------------------
------------------------------------------
| time/                   |              |
|    fps                  | 42           |
|    iterations           | 39           |
|    time_elapsed         | 1860         |
|    total_timesteps      | 79872        |
| train/                  |              |
|    approx_kl            | 0.0076663643 |
|    clip_fraction        | 0.0798       |
|    clip_range           | 0.2          |
|    entropy_loss         | -1.05        |
|    explained_variance   | 0.915        |
|    learning_rate        | 0.0003       |
|    loss                 | 0.071        |
|    n_updates            | 380          |
|    policy_gradient_loss | -0.0104      |
|    value_loss           | 0.131        |
------------------------------------------
-----------------------------------------
| time/                   |             |
|    fps                  | 42          |
|    iterations           | 40          |
|    time_elapsed         | 1929        |
|    total_timesteps      | 81920       |
| train/                  |             |
|    approx_kl            | 0.004368745 |
|    clip_fraction        | 0.0469      |
|    clip_range           | 0.2         |
|    entropy_loss         | -0.995      |
|    explained_variance   | 0.937       |
|    learning_rate        | 0.0003      |
|    loss                 | 0.0257      |
|    n_updates            | 390         |
|    policy_gradient_loss | -0.0087     |
|    value_loss           | 0.111       |
-----------------------------------------
-----------------------------------------
| time/                   |             |
|    fps                  | 41          |
|    iterations           | 41          |
|    time_elapsed         | 2012        |
|    total_timesteps      | 83968       |
| train/                  |             |
|    approx_kl            | 0.010474043 |
|    clip_fraction        | 0.0799      |
|    clip_range           | 0.2         |
|    entropy_loss         | -1.47       |
|    explained_variance   | 0.938       |
|    learning_rate        | 0.0003      |
|    loss                 | 0.0274      |
|    n_updates            | 400         |
|    policy_gradient_loss | -0.00844    |
|    value_loss           | 0.0776      |
-----------------------------------------
----------------------------------------
| time/                   |            |
|    fps                  | 40         |
|    iterations           | 42         |
|    time_elapsed         | 2101       |
|    total_timesteps      | 86016      |
| train/                  |            |
|    approx_kl            | 0.02715887 |
|    clip_fraction        | 0.146      |
|    clip_range           | 0.2        |
|    entropy_loss         | -1.07      |
|    explained_variance   | 0.86       |
|    learning_rate        | 0.0003     |
|    loss                 | 0.0276     |
|    n_updates            | 410        |
|    policy_gradient_loss | -0.014     |
|    value_loss           | 0.118      |
----------------------------------------
-----------------------------------------
| time/                   |             |
|    fps                  | 40          |
|    iterations           | 43          |
|    time_elapsed         | 2185        |
|    total_timesteps      | 88064       |
| train/                  |             |
|    approx_kl            | 0.011014137 |
|    clip_fraction        | 0.0668      |
|    clip_range           | 0.2         |
|    entropy_loss         | -1.02       |
|    explained_variance   | 0.936       |
|    learning_rate        | 0.0003      |
|    loss                 | 0.039       |
|    n_updates            | 420         |
|    policy_gradient_loss | -0.00746    |
|    value_loss           | 0.112       |
-----------------------------------------
-----------------------------------------
| time/                   |             |
|    fps                  | 39          |
|    iterations           | 44          |
|    time_elapsed         | 2278        |
|    total_timesteps      | 90112       |
| train/                  |             |
|    approx_kl            | 0.020944368 |
|    clip_fraction        | 0.101       |
|    clip_range           | 0.2         |
|    entropy_loss         | -1.09       |
|    explained_variance   | 0.842       |
|    learning_rate        | 0.0003      |
|    loss                 | -0.0105     |
|    n_updates            | 430         |
|    policy_gradient_loss | -0.0134     |
|    value_loss           | 0.0771      |
-----------------------------------------
------------------------------------------
| time/                   |              |
|    fps                  | 39           |
|    iterations           | 45           |
|    time_elapsed         | 2358         |
|    total_timesteps      | 92160        |
| train/                  |              |
|    approx_kl            | 0.0127039105 |
|    clip_fraction        | 0.106        |
|    clip_range           | 0.2          |
|    entropy_loss         | -0.927       |
|    explained_variance   | 0.954        |
|    learning_rate        | 0.0003       |
|    loss                 | 0.0251       |
|    n_updates            | 440          |
|    policy_gradient_loss | -0.0106      |
|    value_loss           | 0.0673       |
------------------------------------------
-----------------------------------------
| time/                   |             |
|    fps                  | 38          |
|    iterations           | 46          |
|    time_elapsed         | 2461        |
|    total_timesteps      | 94208       |
| train/                  |             |
|    approx_kl            | 0.018147228 |
|    clip_fraction        | 0.139       |
|    clip_range           | 0.2         |
|    entropy_loss         | -1.19       |
|    explained_variance   | 0.914       |
|    learning_rate        | 0.0003      |
|    loss                 | 0.025       |
|    n_updates            | 450         |
|    policy_gradient_loss | -0.0105     |
|    value_loss           | 0.0412      |
-----------------------------------------
------------------------------------------
| time/                   |              |
|    fps                  | 38           |
|    iterations           | 47           |
|    time_elapsed         | 2528         |
|    total_timesteps      | 96256        |
| train/                  |              |
|    approx_kl            | 0.0047680186 |
|    clip_fraction        | 0.0484       |
|    clip_range           | 0.2          |
|    entropy_loss         | -0.659       |
|    explained_variance   | 0.968        |
|    learning_rate        | 0.0003       |
|    loss                 | 0.00912      |
|    n_updates            | 460          |
|    policy_gradient_loss | -0.0075      |
|    value_loss           | 0.0503       |
------------------------------------------
-----------------------------------------
| time/                   |             |
|    fps                  | 37          |
|    iterations           | 48          |
|    time_elapsed         | 2604        |
|    total_timesteps      | 98304       |
| train/                  |             |
|    approx_kl            | 0.009655415 |
|    clip_fraction        | 0.0736      |
|    clip_range           | 0.2         |
|    entropy_loss         | -1.1        |
|    explained_variance   | 0.962       |
|    learning_rate        | 0.0003      |
|    loss                 | 0.0195      |
|    n_updates            | 470         |
|    policy_gradient_loss | -0.00724    |
|    value_loss           | 0.0317      |
-----------------------------------------
-----------------------------------------
| time/                   |             |
|    fps                  | 37          |
|    iterations           | 49          |
|    time_elapsed         | 2680        |
|    total_timesteps      | 100352      |
| train/                  |             |
|    approx_kl            | 0.015713234 |
|    clip_fraction        | 0.0926      |
|    clip_range           | 0.2         |
|    entropy_loss         | -1.1        |
|    explained_variance   | 0.946       |
|    learning_rate        | 0.0003      |
|    loss                 | -0.0124     |
|    n_updates            | 480         |
|    policy_gradient_loss | -0.00926    |
|    value_loss           | 0.0395      |
-----------------------------------------
[+] Training completed successfully! Model saved to: /Users/vs7/Dev/Games/_UGT Universal Game Tester/integrations/spacerquest/models/ppo_trader_final.zip
[+] VecNormalize stats saved to: /Users/vs7/Dev/Games/_UGT Universal Game Tester/integrations/spacerquest/models/ppo_trader_vecnormalize.pkl
