WARNING:root:TensorBoard is not installed. Training will proceed without TensorBoard logging. Install it with: pip install tensorboard
[*] Initializing Universal Gymnasium Environment for project: SpacerQuest
[*] Engine: simulation | Reward Profile: trader
[*] Algorithm: PPO | Parallel Envs: 1 | Timesteps: 100000
[*] Periodic checkpoints every 25000 timesteps → /Users/vs7/Dev/Games/_UGT Universal Game Tester/integrations/spacerquest/models/checkpoints
[*] Starting PPO training for 100000 timesteps...
[*] Seeding training with seed=42 (set training.seed in config to change)
Using cpu device
-----------------------------
| time/              |      |
|    fps             | 64   |
|    iterations      | 1    |
|    time_elapsed    | 31   |
|    total_timesteps | 2048 |
-----------------------------
----------------------------------------
| time/                   |            |
|    fps                  | 64         |
|    iterations           | 2          |
|    time_elapsed         | 63         |
|    total_timesteps      | 4096       |
| train/                  |            |
|    approx_kl            | 0.00923506 |
|    clip_fraction        | 0.0743     |
|    clip_range           | 0.2        |
|    entropy_loss         | -1.79      |
|    explained_variance   | 0.0737     |
|    learning_rate        | 0.0003     |
|    loss                 | 0.234      |
|    n_updates            | 10         |
|    policy_gradient_loss | -0.0111    |
|    value_loss           | 0.473      |
----------------------------------------
-----------------------------------------
| time/                   |             |
|    fps                  | 61          |
|    iterations           | 3           |
|    time_elapsed         | 100         |
|    total_timesteps      | 6144        |
| train/                  |             |
|    approx_kl            | 0.007154666 |
|    clip_fraction        | 0.0549      |
|    clip_range           | 0.2         |
|    entropy_loss         | -1.78       |
|    explained_variance   | 0.605       |
|    learning_rate        | 0.0003      |
|    loss                 | 0.00892     |
|    n_updates            | 20          |
|    policy_gradient_loss | -0.00872    |
|    value_loss           | 0.171       |
-----------------------------------------
-----------------------------------------
| time/                   |             |
|    fps                  | 56          |
|    iterations           | 4           |
|    time_elapsed         | 144         |
|    total_timesteps      | 8192        |
| train/                  |             |
|    approx_kl            | 0.010582875 |
|    clip_fraction        | 0.0728      |
|    clip_range           | 0.2         |
|    entropy_loss         | -1.76       |
|    explained_variance   | 0.739       |
|    learning_rate        | 0.0003      |
|    loss                 | 0.025       |
|    n_updates            | 30          |
|    policy_gradient_loss | -0.00951    |
|    value_loss           | 0.184       |
-----------------------------------------
----------------------------------------
| time/                   |            |
|    fps                  | 54         |
|    iterations           | 5          |
|    time_elapsed         | 187        |
|    total_timesteps      | 10240      |
| train/                  |            |
|    approx_kl            | 0.01532574 |
|    clip_fraction        | 0.116      |
|    clip_range           | 0.2        |
|    entropy_loss         | -1.73      |
|    explained_variance   | 0.828      |
|    learning_rate        | 0.0003     |
|    loss                 | 0.0723     |
|    n_updates            | 40         |
|    policy_gradient_loss | -0.0112    |
|    value_loss           | 0.115      |
----------------------------------------
-----------------------------------------
| time/                   |             |
|    fps                  | 53          |
|    iterations           | 6           |
|    time_elapsed         | 231         |
|    total_timesteps      | 12288       |
| train/                  |             |
|    approx_kl            | 0.009257697 |
|    clip_fraction        | 0.0635      |
|    clip_range           | 0.2         |
|    entropy_loss         | -1.73       |
|    explained_variance   | 0.766       |
|    learning_rate        | 0.0003      |
|    loss                 | 0.0251      |
|    n_updates            | 50          |
|    policy_gradient_loss | -0.0123     |
|    value_loss           | 0.112       |
-----------------------------------------
----------------------------------------
| time/                   |            |
|    fps                  | 49         |
|    iterations           | 7          |
|    time_elapsed         | 286        |
|    total_timesteps      | 14336      |
| train/                  |            |
|    approx_kl            | 0.01080742 |
|    clip_fraction        | 0.0771     |
|    clip_range           | 0.2        |
|    entropy_loss         | -1.69      |
|    explained_variance   | 0.816      |
|    learning_rate        | 0.0003     |
|    loss                 | 0.00887    |
|    n_updates            | 60         |
|    policy_gradient_loss | -0.0122    |
|    value_loss           | 0.211      |
----------------------------------------
-----------------------------------------
| time/                   |             |
|    fps                  | 46          |
|    iterations           | 8           |
|    time_elapsed         | 351         |
|    total_timesteps      | 16384       |
| train/                  |             |
|    approx_kl            | 0.012886205 |
|    clip_fraction        | 0.135       |
|    clip_range           | 0.2         |
|    entropy_loss         | -1.62       |
|    explained_variance   | 0.84        |
|    learning_rate        | 0.0003      |
|    loss                 | 0.221       |
|    n_updates            | 70          |
|    policy_gradient_loss | -0.0178     |
|    value_loss           | 0.327       |
-----------------------------------------
-----------------------------------------
| time/                   |             |
|    fps                  | 44          |
|    iterations           | 9           |
|    time_elapsed         | 409         |
|    total_timesteps      | 18432       |
| train/                  |             |
|    approx_kl            | 0.015426805 |
|    clip_fraction        | 0.192       |
|    clip_range           | 0.2         |
|    entropy_loss         | -1.5        |
|    explained_variance   | 0.791       |
|    learning_rate        | 0.0003      |
|    loss                 | 0.115       |
|    n_updates            | 80          |
|    policy_gradient_loss | -0.0209     |
|    value_loss           | 0.275       |
-----------------------------------------
-----------------------------------------
| time/                   |             |
|    fps                  | 41          |
|    iterations           | 10          |
|    time_elapsed         | 489         |
|    total_timesteps      | 20480       |
| train/                  |             |
|    approx_kl            | 0.019114414 |
|    clip_fraction        | 0.162       |
|    clip_range           | 0.2         |
|    entropy_loss         | -1.48       |
|    explained_variance   | 0.743       |
|    learning_rate        | 0.0003      |
|    loss                 | 0.0302      |
|    n_updates            | 90          |
|    policy_gradient_loss | -0.0135     |
|    value_loss           | 0.0909      |
-----------------------------------------
-----------------------------------------
| time/                   |             |
|    fps                  | 39          |
|    iterations           | 11          |
|    time_elapsed         | 574         |
|    total_timesteps      | 22528       |
| train/                  |             |
|    approx_kl            | 0.014327007 |
|    clip_fraction        | 0.139       |
|    clip_range           | 0.2         |
|    entropy_loss         | -1.25       |
|    explained_variance   | 0.738       |
|    learning_rate        | 0.0003      |
|    loss                 | 0.0418      |
|    n_updates            | 100         |
|    policy_gradient_loss | -0.0161     |
|    value_loss           | 0.208       |
-----------------------------------------
----------------------------------------
| time/                   |            |
|    fps                  | 37         |
|    iterations           | 12         |
|    time_elapsed         | 663        |
|    total_timesteps      | 24576      |
| train/                  |            |
|    approx_kl            | 0.01205353 |
|    clip_fraction        | 0.106      |
|    clip_range           | 0.2        |
|    entropy_loss         | -1.14      |
|    explained_variance   | 0.798      |
|    learning_rate        | 0.0003     |
|    loss                 | 0.0598     |
|    n_updates            | 110        |
|    policy_gradient_loss | -0.0107    |
|    value_loss           | 0.107      |
----------------------------------------
-----------------------------------------
| time/                   |             |
|    fps                  | 35          |
|    iterations           | 13          |
|    time_elapsed         | 754         |
|    total_timesteps      | 26624       |
| train/                  |             |
|    approx_kl            | 0.013044563 |
|    clip_fraction        | 0.0987      |
|    clip_range           | 0.2         |
|    entropy_loss         | -1.07       |
|    explained_variance   | 0.842       |
|    learning_rate        | 0.0003      |
|    loss                 | 0.0424      |
|    n_updates            | 120         |
|    policy_gradient_loss | -0.00957    |
|    value_loss           | 0.06        |
-----------------------------------------
------------------------------------------
| time/                   |              |
|    fps                  | 33           |
|    iterations           | 14           |
|    time_elapsed         | 851          |
|    total_timesteps      | 28672        |
| train/                  |              |
|    approx_kl            | 0.0068182377 |
|    clip_fraction        | 0.0973       |
|    clip_range           | 0.2          |
|    entropy_loss         | -1.06        |
|    explained_variance   | 0.845        |
|    learning_rate        | 0.0003       |
|    loss                 | 0.0276       |
|    n_updates            | 130          |
|    policy_gradient_loss | -0.0108      |
|    value_loss           | 0.0499       |
------------------------------------------
-----------------------------------------
| time/                   |             |
|    fps                  | 32          |
|    iterations           | 15          |
|    time_elapsed         | 944         |
|    total_timesteps      | 30720       |
| train/                  |             |
|    approx_kl            | 0.012205484 |
|    clip_fraction        | 0.104       |
|    clip_range           | 0.2         |
|    entropy_loss         | -1          |
|    explained_variance   | 0.864       |
|    learning_rate        | 0.0003      |
|    loss                 | 0.0394      |
|    n_updates            | 140         |
|    policy_gradient_loss | -0.0116     |
|    value_loss           | 0.0612      |
-----------------------------------------
-----------------------------------------
| time/                   |             |
|    fps                  | 32          |
|    iterations           | 16          |
|    time_elapsed         | 1014        |
|    total_timesteps      | 32768       |
| train/                  |             |
|    approx_kl            | 0.006429523 |
|    clip_fraction        | 0.086       |
|    clip_range           | 0.2         |
|    entropy_loss         | -0.995      |
|    explained_variance   | 0.767       |
|    learning_rate        | 0.0003      |
|    loss                 | 0.0288      |
|    n_updates            | 150         |
|    policy_gradient_loss | -0.0137     |
|    value_loss           | 0.0852      |
-----------------------------------------
-----------------------------------------
| time/                   |             |
|    fps                  | 31          |
|    iterations           | 17          |
|    time_elapsed         | 1115        |
|    total_timesteps      | 34816       |
| train/                  |             |
|    approx_kl            | 0.008594227 |
|    clip_fraction        | 0.0662      |
|    clip_range           | 0.2         |
|    entropy_loss         | -1.13       |
|    explained_variance   | 0.945       |
|    learning_rate        | 0.0003      |
|    loss                 | 0.0185      |
|    n_updates            | 160         |
|    policy_gradient_loss | -0.006      |
|    value_loss           | 0.0645      |
-----------------------------------------
------------------------------------------
| time/                   |              |
|    fps                  | 30           |
|    iterations           | 18           |
|    time_elapsed         | 1189         |
|    total_timesteps      | 36864        |
| train/                  |              |
|    approx_kl            | 0.0056480276 |
|    clip_fraction        | 0.0688       |
|    clip_range           | 0.2          |
|    entropy_loss         | -0.869       |
|    explained_variance   | 0.851        |
|    learning_rate        | 0.0003       |
|    loss                 | 0.0388       |
|    n_updates            | 170          |
|    policy_gradient_loss | -0.00777     |
|    value_loss           | 0.0701       |
------------------------------------------
-----------------------------------------
| time/                   |             |
|    fps                  | 30          |
|    iterations           | 19          |
|    time_elapsed         | 1289        |
|    total_timesteps      | 38912       |
| train/                  |             |
|    approx_kl            | 0.025662597 |
|    clip_fraction        | 0.169       |
|    clip_range           | 0.2         |
|    entropy_loss         | -1.07       |
|    explained_variance   | 0.961       |
|    learning_rate        | 0.0003      |
|    loss                 | -0.0582     |
|    n_updates            | 180         |
|    policy_gradient_loss | -0.0172     |
|    value_loss           | 0.0434      |
-----------------------------------------
------------------------------------------
| time/                   |              |
|    fps                  | 29           |
|    iterations           | 20           |
|    time_elapsed         | 1369         |
|    total_timesteps      | 40960        |
| train/                  |              |
|    approx_kl            | 0.0060694506 |
|    clip_fraction        | 0.0634       |
|    clip_range           | 0.2          |
|    entropy_loss         | -0.869       |
|    explained_variance   | 0.842        |
|    learning_rate        | 0.0003       |
|    loss                 | -0.00602     |
|    n_updates            | 190          |
|    policy_gradient_loss | -0.00725     |
|    value_loss           | 0.0765       |
------------------------------------------
------------------------------------------
| time/                   |              |
|    fps                  | 29           |
|    iterations           | 21           |
|    time_elapsed         | 1480         |
|    total_timesteps      | 43008        |
| train/                  |              |
|    approx_kl            | 0.0064743618 |
|    clip_fraction        | 0.0745       |
|    clip_range           | 0.2          |
|    entropy_loss         | -0.908       |
|    explained_variance   | 0.979        |
|    learning_rate        | 0.0003       |
|    loss                 | 0.0217       |
|    n_updates            | 200          |
|    policy_gradient_loss | -0.00852     |
|    value_loss           | 0.046        |
------------------------------------------
------------------------------------------
| time/                   |              |
|    fps                  | 28           |
|    iterations           | 22           |
|    time_elapsed         | 1562         |
|    total_timesteps      | 45056        |
| train/                  |              |
|    approx_kl            | 0.0058530523 |
|    clip_fraction        | 0.0691       |
|    clip_range           | 0.2          |
|    entropy_loss         | -0.779       |
|    explained_variance   | 0.886        |
|    learning_rate        | 0.0003       |
|    loss                 | 0.00466      |
|    n_updates            | 210          |
|    policy_gradient_loss | -0.0118      |
|    value_loss           | 0.0496       |
------------------------------------------
------------------------------------------
| time/                   |              |
|    fps                  | 29           |
|    iterations           | 23           |
|    time_elapsed         | 1617         |
|    total_timesteps      | 47104        |
| train/                  |              |
|    approx_kl            | 0.0069050267 |
|    clip_fraction        | 0.0911       |
|    clip_range           | 0.2          |
|    entropy_loss         | -0.845       |
|    explained_variance   | 0.959        |
|    learning_rate        | 0.0003       |
|    loss                 | 0.0129       |
|    n_updates            | 220          |
|    policy_gradient_loss | -0.00652     |
|    value_loss           | 0.0436       |
------------------------------------------
-----------------------------------------
| time/                   |             |
|    fps                  | 29          |
|    iterations           | 24          |
|    time_elapsed         | 1692        |
|    total_timesteps      | 49152       |
| train/                  |             |
|    approx_kl            | 0.008863937 |
|    clip_fraction        | 0.0858      |
|    clip_range           | 0.2         |
|    entropy_loss         | -0.991      |
|    explained_variance   | 0.971       |
|    learning_rate        | 0.0003      |
|    loss                 | 0.0419      |
|    n_updates            | 230         |
|    policy_gradient_loss | -0.00844    |
|    value_loss           | 0.0376      |
-----------------------------------------
-----------------------------------------
| time/                   |             |
|    fps                  | 28          |
|    iterations           | 25          |
|    time_elapsed         | 1775        |
|    total_timesteps      | 51200       |
| train/                  |             |
|    approx_kl            | 0.014666963 |
|    clip_fraction        | 0.113       |
|    clip_range           | 0.2         |
|    entropy_loss         | -0.976      |
|    explained_variance   | 0.961       |
|    learning_rate        | 0.0003      |
|    loss                 | 0.00614     |
|    n_updates            | 240         |
|    policy_gradient_loss | -0.0086     |
|    value_loss           | 0.0448      |
-----------------------------------------
------------------------------------------
| time/                   |              |
|    fps                  | 28           |
|    iterations           | 26           |
|    time_elapsed         | 1875         |
|    total_timesteps      | 53248        |
| train/                  |              |
|    approx_kl            | 0.0104865935 |
|    clip_fraction        | 0.0859       |
|    clip_range           | 0.2          |
|    entropy_loss         | -0.916       |
|    explained_variance   | 0.957        |
|    learning_rate        | 0.0003       |
|    loss                 | 0.00351      |
|    n_updates            | 250          |
|    policy_gradient_loss | -0.00661     |
|    value_loss           | 0.0459       |
------------------------------------------
----------------------------------------
| time/                   |            |
|    fps                  | 28         |
|    iterations           | 27         |
|    time_elapsed         | 1915       |
|    total_timesteps      | 55296      |
| train/                  |            |
|    approx_kl            | 0.00873649 |
|    clip_fraction        | 0.0783     |
|    clip_range           | 0.2        |
|    entropy_loss         | -0.711     |
|    explained_variance   | 0.973      |
|    learning_rate        | 0.0003     |
|    loss                 | 0.0116     |
|    n_updates            | 260        |
|    policy_gradient_loss | -0.00586   |
|    value_loss           | 0.0406     |
----------------------------------------
-----------------------------------------
| time/                   |             |
|    fps                  | 29          |
|    iterations           | 28          |
|    time_elapsed         | 1948        |
|    total_timesteps      | 57344       |
| train/                  |             |
|    approx_kl            | 0.009678494 |
|    clip_fraction        | 0.0807      |
|    clip_range           | 0.2         |
|    entropy_loss         | -0.948      |
|    explained_variance   | 0.955       |
|    learning_rate        | 0.0003      |
|    loss                 | -0.000837   |
|    n_updates            | 270         |
|    policy_gradient_loss | -0.00531    |
|    value_loss           | 0.0115      |
-----------------------------------------
-----------------------------------------
| time/                   |             |
|    fps                  | 29          |
|    iterations           | 29          |
|    time_elapsed         | 2042        |
|    total_timesteps      | 59392       |
| train/                  |             |
|    approx_kl            | 0.013041003 |
|    clip_fraction        | 0.096       |
|    clip_range           | 0.2         |
|    entropy_loss         | -0.948      |
|    explained_variance   | 0.935       |
|    learning_rate        | 0.0003      |
|    loss                 | 0.0649      |
|    n_updates            | 280         |
|    policy_gradient_loss | -0.00594    |
|    value_loss           | 0.021       |
-----------------------------------------
-----------------------------------------
| time/                   |             |
|    fps                  | 28          |
|    iterations           | 30          |
|    time_elapsed         | 2124        |
|    total_timesteps      | 61440       |
| train/                  |             |
|    approx_kl            | 0.011536032 |
|    clip_fraction        | 0.0671      |
|    clip_range           | 0.2         |
|    entropy_loss         | -0.779      |
|    explained_variance   | 0.939       |
|    learning_rate        | 0.0003      |
|    loss                 | 0.0151      |
|    n_updates            | 290         |
|    policy_gradient_loss | -0.00626    |
|    value_loss           | 0.0605      |
-----------------------------------------
------------------------------------------
| time/                   |              |
|    fps                  | 28           |
|    iterations           | 31           |
|    time_elapsed         | 2207         |
|    total_timesteps      | 63488        |
| train/                  |              |
|    approx_kl            | 0.0072392523 |
|    clip_fraction        | 0.0749       |
|    clip_range           | 0.2          |
|    entropy_loss         | -0.792       |
|    explained_variance   | 0.964        |
|    learning_rate        | 0.0003       |
|    loss                 | -0.0314      |
|    n_updates            | 300          |
|    policy_gradient_loss | -0.006       |
|    value_loss           | 0.0396       |
------------------------------------------
-----------------------------------------
| time/                   |             |
|    fps                  | 28          |
|    iterations           | 32          |
|    time_elapsed         | 2300        |
|    total_timesteps      | 65536       |
| train/                  |             |
|    approx_kl            | 0.006942696 |
|    clip_fraction        | 0.0617      |
|    clip_range           | 0.2         |
|    entropy_loss         | -0.729      |
|    explained_variance   | 0.978       |
|    learning_rate        | 0.0003      |
|    loss                 | 0.00147     |
|    n_updates            | 310         |
|    policy_gradient_loss | -0.0045     |
|    value_loss           | 0.034       |
-----------------------------------------
------------------------------------------
| time/                   |              |
|    fps                  | 28           |
|    iterations           | 33           |
|    time_elapsed         | 2401         |
|    total_timesteps      | 67584        |
| train/                  |              |
|    approx_kl            | 0.0068216715 |
|    clip_fraction        | 0.0649       |
|    clip_range           | 0.2          |
|    entropy_loss         | -0.817       |
|    explained_variance   | 0.936        |
|    learning_rate        | 0.0003       |
|    loss                 | 0.0128       |
|    n_updates            | 320          |
|    policy_gradient_loss | -0.00504     |
|    value_loss           | 0.0665       |
------------------------------------------
-----------------------------------------
| time/                   |             |
|    fps                  | 27          |
|    iterations           | 34          |
|    time_elapsed         | 2515        |
|    total_timesteps      | 69632       |
| train/                  |             |
|    approx_kl            | 0.006783708 |
|    clip_fraction        | 0.0525      |
|    clip_range           | 0.2         |
|    entropy_loss         | -0.63       |
|    explained_variance   | 0.974       |
|    learning_rate        | 0.0003      |
|    loss                 | 0.0256      |
|    n_updates            | 330         |
|    policy_gradient_loss | -0.00545    |
|    value_loss           | 0.0274      |
-----------------------------------------
------------------------------------------
| time/                   |              |
|    fps                  | 27           |
|    iterations           | 35           |
|    time_elapsed         | 2588         |
|    total_timesteps      | 71680        |
| train/                  |              |
|    approx_kl            | 0.0050155492 |
|    clip_fraction        | 0.0242       |
|    clip_range           | 0.2          |
|    entropy_loss         | -0.576       |
|    explained_variance   | 0.908        |
|    learning_rate        | 0.0003       |
|    loss                 | 0.0177       |
|    n_updates            | 340          |
|    policy_gradient_loss | -0.00296     |
|    value_loss           | 0.0443       |
------------------------------------------
----------------------------------------
| time/                   |            |
|    fps                  | 27         |
|    iterations           | 36         |
|    time_elapsed         | 2696       |
|    total_timesteps      | 73728      |
| train/                  |            |
|    approx_kl            | 0.04793048 |
|    clip_fraction        | 0.14       |
|    clip_range           | 0.2        |
|    entropy_loss         | -0.622     |
|    explained_variance   | 0.942      |
|    learning_rate        | 0.0003     |
|    loss                 | 0.0258     |
|    n_updates            | 350        |
|    policy_gradient_loss | -0.0146    |
|    value_loss           | 0.0556     |
----------------------------------------
----------------------------------------
| time/                   |            |
|    fps                  | 27         |
|    iterations           | 37         |
|    time_elapsed         | 2740       |
|    total_timesteps      | 75776      |
| train/                  |            |
|    approx_kl            | 0.01004806 |
|    clip_fraction        | 0.1        |
|    clip_range           | 0.2        |
|    entropy_loss         | -0.707     |
|    explained_variance   | 0.936      |
|    learning_rate        | 0.0003     |
|    loss                 | 0.0246     |
|    n_updates            | 360        |
|    policy_gradient_loss | -0.00842   |
|    value_loss           | 0.0536     |
----------------------------------------
----------------------------------------
| time/                   |            |
|    fps                  | 27         |
|    iterations           | 38         |
|    time_elapsed         | 2811       |
|    total_timesteps      | 77824      |
| train/                  |            |
|    approx_kl            | 0.02009037 |
|    clip_fraction        | 0.112      |
|    clip_range           | 0.2        |
|    entropy_loss         | -0.991     |
|    explained_variance   | 0.957      |
|    learning_rate        | 0.0003     |
|    loss                 | -0.0289    |
|    n_updates            | 370        |
|    policy_gradient_loss | -0.0152    |
|    value_loss           | 0.0126     |
----------------------------------------
------------------------------------------
| time/                   |              |
|    fps                  | 27           |
|    iterations           | 39           |
|    time_elapsed         | 2925         |
|    total_timesteps      | 79872        |
| train/                  |              |
|    approx_kl            | 0.0073791174 |
|    clip_fraction        | 0.063        |
|    clip_range           | 0.2          |
|    entropy_loss         | -0.911       |
|    explained_variance   | 0.975        |
|    learning_rate        | 0.0003       |
|    loss                 | -0.0125      |
|    n_updates            | 380          |
|    policy_gradient_loss | -0.00483     |
|    value_loss           | 0.0364       |
------------------------------------------
------------------------------------------
| time/                   |              |
|    fps                  | 27           |
|    iterations           | 40           |
|    time_elapsed         | 2968         |
|    total_timesteps      | 81920        |
| train/                  |              |
|    approx_kl            | 0.0041852957 |
|    clip_fraction        | 0.0316       |
|    clip_range           | 0.2          |
|    entropy_loss         | -0.592       |
|    explained_variance   | 0.83         |
|    learning_rate        | 0.0003       |
|    loss                 | 0.0646       |
|    n_updates            | 390          |
|    policy_gradient_loss | -0.00496     |
|    value_loss           | 0.0627       |
------------------------------------------
-----------------------------------------
| time/                   |             |
|    fps                  | 27          |
|    iterations           | 41          |
|    time_elapsed         | 3080        |
|    total_timesteps      | 83968       |
| train/                  |             |
|    approx_kl            | 0.012692953 |
|    clip_fraction        | 0.109       |
|    clip_range           | 0.2         |
|    entropy_loss         | -1.19       |
|    explained_variance   | 0.928       |
|    learning_rate        | 0.0003      |
|    loss                 | 0.012       |
|    n_updates            | 400         |
|    policy_gradient_loss | -0.00643    |
|    value_loss           | 0.0191      |
-----------------------------------------
------------------------------------------
| time/                   |              |
|    fps                  | 26           |
|    iterations           | 42           |
|    time_elapsed         | 3193         |
|    total_timesteps      | 86016        |
| train/                  |              |
|    approx_kl            | 0.0035829018 |
|    clip_fraction        | 0.0183       |
|    clip_range           | 0.2          |
|    entropy_loss         | -0.55        |
|    explained_variance   | 0.764        |
|    learning_rate        | 0.0003       |
|    loss                 | 0.0286       |
|    n_updates            | 410          |
|    policy_gradient_loss | -0.00157     |
|    value_loss           | 0.0491       |
------------------------------------------
-----------------------------------------
| time/                   |             |
|    fps                  | 26          |
|    iterations           | 43          |
|    time_elapsed         | 3264        |
|    total_timesteps      | 88064       |
| train/                  |             |
|    approx_kl            | 0.028098632 |
|    clip_fraction        | 0.111       |
|    clip_range           | 0.2         |
|    entropy_loss         | -0.621      |
|    explained_variance   | 0.869       |
|    learning_rate        | 0.0003      |
|    loss                 | 0.000998    |
|    n_updates            | 420         |
|    policy_gradient_loss | -0.0138     |
|    value_loss           | 0.0428      |
-----------------------------------------
-----------------------------------------
| time/                   |             |
|    fps                  | 27          |
|    iterations           | 44          |
|    time_elapsed         | 3335        |
|    total_timesteps      | 90112       |
| train/                  |             |
|    approx_kl            | 0.013157943 |
|    clip_fraction        | 0.0634      |
|    clip_range           | 0.2         |
|    entropy_loss         | -0.677      |
|    explained_variance   | 0.964       |
|    learning_rate        | 0.0003      |
|    loss                 | 0.00945     |
|    n_updates            | 430         |
|    policy_gradient_loss | -0.00456    |
|    value_loss           | 0.0361      |
-----------------------------------------
-----------------------------------------
| time/                   |             |
|    fps                  | 26          |
|    iterations           | 45          |
|    time_elapsed         | 3451        |
|    total_timesteps      | 92160       |
| train/                  |             |
|    approx_kl            | 0.013149307 |
|    clip_fraction        | 0.125       |
|    clip_range           | 0.2         |
|    entropy_loss         | -0.687      |
|    explained_variance   | 0.974       |
|    learning_rate        | 0.0003      |
|    loss                 | 0.044       |
|    n_updates            | 440         |
|    policy_gradient_loss | -0.00562    |
|    value_loss           | 0.0217      |
-----------------------------------------
----------------------------------------
| time/                   |            |
|    fps                  | 26         |
|    iterations           | 46         |
|    time_elapsed         | 3569       |
|    total_timesteps      | 94208      |
| train/                  |            |
|    approx_kl            | 0.00500746 |
|    clip_fraction        | 0.034      |
|    clip_range           | 0.2        |
|    entropy_loss         | -0.522     |
|    explained_variance   | 0.892      |
|    learning_rate        | 0.0003     |
|    loss                 | 0.0281     |
|    n_updates            | 450        |
|    policy_gradient_loss | -0.00355   |
|    value_loss           | 0.0397     |
----------------------------------------
------------------------------------------
| time/                   |              |
|    fps                  | 26           |
|    iterations           | 47           |
|    time_elapsed         | 3679         |
|    total_timesteps      | 96256        |
| train/                  |              |
|    approx_kl            | 0.0038584508 |
|    clip_fraction        | 0.0347       |
|    clip_range           | 0.2          |
|    entropy_loss         | -0.546       |
|    explained_variance   | 0.895        |
|    learning_rate        | 0.0003       |
|    loss                 | 0.0185       |
|    n_updates            | 460          |
|    policy_gradient_loss | -0.00282     |
|    value_loss           | 0.036        |
------------------------------------------
------------------------------------------
| time/                   |              |
|    fps                  | 26           |
|    iterations           | 48           |
|    time_elapsed         | 3726         |
|    total_timesteps      | 98304        |
| train/                  |              |
|    approx_kl            | 0.0057090153 |
|    clip_fraction        | 0.0487       |
|    clip_range           | 0.2          |
|    entropy_loss         | -0.515       |
|    explained_variance   | 0.879        |
|    learning_rate        | 0.0003       |
|    loss                 | 0.0199       |
|    n_updates            | 470          |
|    policy_gradient_loss | -0.00561     |
|    value_loss           | 0.0394       |
------------------------------------------
-----------------------------------------
| time/                   |             |
|    fps                  | 26          |
|    iterations           | 49          |
|    time_elapsed         | 3809        |
|    total_timesteps      | 100352      |
| train/                  |             |
|    approx_kl            | 0.020741094 |
|    clip_fraction        | 0.116       |
|    clip_range           | 0.2         |
|    entropy_loss         | -0.744      |
|    explained_variance   | 0.945       |
|    learning_rate        | 0.0003      |
|    loss                 | -0.0135     |
|    n_updates            | 480         |
|    policy_gradient_loss | -0.00631    |
|    value_loss           | 0.0325      |
-----------------------------------------
[+] Training completed successfully! Model saved to: /Users/vs7/Dev/Games/_UGT Universal Game Tester/integrations/spacerquest/models/ppo_trader_final.zip
[+] VecNormalize stats saved to: /Users/vs7/Dev/Games/_UGT Universal Game Tester/integrations/spacerquest/models/ppo_trader_vecnormalize.pkl
