WARNING:root:TensorBoard is not installed. Training will proceed without TensorBoard logging. Install it with: pip install tensorboard
[*] Initializing Universal Gymnasium Environment for project: SpacerQuest
[*] Engine: simulation | Reward Profile: trader
[*] Algorithm: PPO | Parallel Envs: 1 | Timesteps: 100000
[*] Periodic checkpoints every 25000 timesteps → /Users/vs7/Dev/Games/_UGT Universal Game Tester/integrations/spacerquest/models/checkpoints
[*] Starting PPO training for 100000 timesteps...
[*] Seeding training with seed=42 (set training.seed in config to change)
Using cpu device
-----------------------------
| time/              |      |
|    fps             | 65   |
|    iterations      | 1    |
|    time_elapsed    | 31   |
|    total_timesteps | 2048 |
-----------------------------
-----------------------------------------
| time/                   |             |
|    fps                  | 65          |
|    iterations           | 2           |
|    time_elapsed         | 62          |
|    total_timesteps      | 4096        |
| train/                  |             |
|    approx_kl            | 0.007072147 |
|    clip_fraction        | 0.0228      |
|    clip_range           | 0.2         |
|    entropy_loss         | -1.79       |
|    explained_variance   | 0.164       |
|    learning_rate        | 0.0003      |
|    loss                 | 0.0933      |
|    n_updates            | 10          |
|    policy_gradient_loss | -0.00612    |
|    value_loss           | 0.29        |
-----------------------------------------
-----------------------------------------
| time/                   |             |
|    fps                  | 60          |
|    iterations           | 3           |
|    time_elapsed         | 101         |
|    total_timesteps      | 6144        |
| train/                  |             |
|    approx_kl            | 0.022005077 |
|    clip_fraction        | 0.13        |
|    clip_range           | 0.2         |
|    entropy_loss         | -1.77       |
|    explained_variance   | 0.824       |
|    learning_rate        | 0.0003      |
|    loss                 | 0.0503      |
|    n_updates            | 20          |
|    policy_gradient_loss | -0.0107     |
|    value_loss           | 0.08        |
-----------------------------------------
----------------------------------------
| time/                   |            |
|    fps                  | 57         |
|    iterations           | 4          |
|    time_elapsed         | 141        |
|    total_timesteps      | 8192       |
| train/                  |            |
|    approx_kl            | 0.01034563 |
|    clip_fraction        | 0.0732     |
|    clip_range           | 0.2        |
|    entropy_loss         | -1.78      |
|    explained_variance   | 0.913      |
|    learning_rate        | 0.0003     |
|    loss                 | 0.0114     |
|    n_updates            | 30         |
|    policy_gradient_loss | -0.00979   |
|    value_loss           | 0.0248     |
----------------------------------------
-----------------------------------------
| time/                   |             |
|    fps                  | 56          |
|    iterations           | 5           |
|    time_elapsed         | 182         |
|    total_timesteps      | 10240       |
| train/                  |             |
|    approx_kl            | 0.008730832 |
|    clip_fraction        | 0.04        |
|    clip_range           | 0.2         |
|    entropy_loss         | -1.76       |
|    explained_variance   | 0.903       |
|    learning_rate        | 0.0003      |
|    loss                 | -0.0355     |
|    n_updates            | 40          |
|    policy_gradient_loss | -0.00914    |
|    value_loss           | 0.0174      |
-----------------------------------------
-----------------------------------------
| time/                   |             |
|    fps                  | 54          |
|    iterations           | 6           |
|    time_elapsed         | 226         |
|    total_timesteps      | 12288       |
| train/                  |             |
|    approx_kl            | 0.014048757 |
|    clip_fraction        | 0.0906      |
|    clip_range           | 0.2         |
|    entropy_loss         | -1.72       |
|    explained_variance   | 0.915       |
|    learning_rate        | 0.0003      |
|    loss                 | -0.0246     |
|    n_updates            | 50          |
|    policy_gradient_loss | -0.0101     |
|    value_loss           | 0.0154      |
-----------------------------------------
-----------------------------------------
| time/                   |             |
|    fps                  | 52          |
|    iterations           | 7           |
|    time_elapsed         | 273         |
|    total_timesteps      | 14336       |
| train/                  |             |
|    approx_kl            | 0.013079986 |
|    clip_fraction        | 0.0985      |
|    clip_range           | 0.2         |
|    entropy_loss         | -1.72       |
|    explained_variance   | 0.893       |
|    learning_rate        | 0.0003      |
|    loss                 | 0.0314      |
|    n_updates            | 60          |
|    policy_gradient_loss | -0.0134     |
|    value_loss           | 0.0863      |
-----------------------------------------
----------------------------------------
| time/                   |            |
|    fps                  | 51         |
|    iterations           | 8          |
|    time_elapsed         | 319        |
|    total_timesteps      | 16384      |
| train/                  |            |
|    approx_kl            | 0.02366189 |
|    clip_fraction        | 0.126      |
|    clip_range           | 0.2        |
|    entropy_loss         | -1.67      |
|    explained_variance   | 0.743      |
|    learning_rate        | 0.0003     |
|    loss                 | 0.0323     |
|    n_updates            | 70         |
|    policy_gradient_loss | -0.0169    |
|    value_loss           | 0.212      |
----------------------------------------
-----------------------------------------
| time/                   |             |
|    fps                  | 49          |
|    iterations           | 9           |
|    time_elapsed         | 371         |
|    total_timesteps      | 18432       |
| train/                  |             |
|    approx_kl            | 0.020769708 |
|    clip_fraction        | 0.169       |
|    clip_range           | 0.2         |
|    entropy_loss         | -1.63       |
|    explained_variance   | 0.623       |
|    learning_rate        | 0.0003      |
|    loss                 | 0.0195      |
|    n_updates            | 80          |
|    policy_gradient_loss | -0.0169     |
|    value_loss           | 0.18        |
-----------------------------------------
-----------------------------------------
| time/                   |             |
|    fps                  | 47          |
|    iterations           | 10          |
|    time_elapsed         | 431         |
|    total_timesteps      | 20480       |
| train/                  |             |
|    approx_kl            | 0.012914032 |
|    clip_fraction        | 0.117       |
|    clip_range           | 0.2         |
|    entropy_loss         | -1.58       |
|    explained_variance   | 0.521       |
|    learning_rate        | 0.0003      |
|    loss                 | 0.0314      |
|    n_updates            | 90          |
|    policy_gradient_loss | -0.0122     |
|    value_loss           | 0.184       |
-----------------------------------------
-----------------------------------------
| time/                   |             |
|    fps                  | 46          |
|    iterations           | 11          |
|    time_elapsed         | 484         |
|    total_timesteps      | 22528       |
| train/                  |             |
|    approx_kl            | 0.009600455 |
|    clip_fraction        | 0.0886      |
|    clip_range           | 0.2         |
|    entropy_loss         | -1.48       |
|    explained_variance   | 0.618       |
|    learning_rate        | 0.0003      |
|    loss                 | 0.0517      |
|    n_updates            | 100         |
|    policy_gradient_loss | -0.0105     |
|    value_loss           | 0.145       |
-----------------------------------------
------------------------------------------
| time/                   |              |
|    fps                  | 45           |
|    iterations           | 12           |
|    time_elapsed         | 540          |
|    total_timesteps      | 24576        |
| train/                  |              |
|    approx_kl            | 0.0126523785 |
|    clip_fraction        | 0.153        |
|    clip_range           | 0.2          |
|    entropy_loss         | -1.52        |
|    explained_variance   | 0.743        |
|    learning_rate        | 0.0003       |
|    loss                 | -0.0158      |
|    n_updates            | 110          |
|    policy_gradient_loss | -0.00991     |
|    value_loss           | 0.0718       |
------------------------------------------
----------------------------------------
| time/                   |            |
|    fps                  | 43         |
|    iterations           | 13         |
|    time_elapsed         | 608        |
|    total_timesteps      | 26624      |
| train/                  |            |
|    approx_kl            | 0.02353969 |
|    clip_fraction        | 0.176      |
|    clip_range           | 0.2        |
|    entropy_loss         | -1.36      |
|    explained_variance   | 0.381      |
|    learning_rate        | 0.0003     |
|    loss                 | 0.00196    |
|    n_updates            | 120        |
|    policy_gradient_loss | -0.0105    |
|    value_loss           | 0.0713     |
----------------------------------------
----------------------------------------
| time/                   |            |
|    fps                  | 42         |
|    iterations           | 14         |
|    time_elapsed         | 667        |
|    total_timesteps      | 28672      |
| train/                  |            |
|    approx_kl            | 0.01138372 |
|    clip_fraction        | 0.126      |
|    clip_range           | 0.2        |
|    entropy_loss         | -1.27      |
|    explained_variance   | 0.564      |
|    learning_rate        | 0.0003     |
|    loss                 | 0.036      |
|    n_updates            | 130        |
|    policy_gradient_loss | -0.0122    |
|    value_loss           | 0.0774     |
----------------------------------------
-----------------------------------------
| time/                   |             |
|    fps                  | 42          |
|    iterations           | 15          |
|    time_elapsed         | 728         |
|    total_timesteps      | 30720       |
| train/                  |             |
|    approx_kl            | 0.016194794 |
|    clip_fraction        | 0.206       |
|    clip_range           | 0.2         |
|    entropy_loss         | -1.35       |
|    explained_variance   | 0.918       |
|    learning_rate        | 0.0003      |
|    loss                 | -0.0349     |
|    n_updates            | 140         |
|    policy_gradient_loss | -0.0161     |
|    value_loss           | 0.0261      |
-----------------------------------------
------------------------------------------
| time/                   |              |
|    fps                  | 40           |
|    iterations           | 16           |
|    time_elapsed         | 811          |
|    total_timesteps      | 32768        |
| train/                  |              |
|    approx_kl            | 0.0128296465 |
|    clip_fraction        | 0.128        |
|    clip_range           | 0.2          |
|    entropy_loss         | -1.18        |
|    explained_variance   | 0.911        |
|    learning_rate        | 0.0003       |
|    loss                 | 0.0197       |
|    n_updates            | 150          |
|    policy_gradient_loss | -0.00915     |
|    value_loss           | 0.0495       |
------------------------------------------
---------------------------------------
| time/                   |           |
|    fps                  | 38        |
|    iterations           | 17        |
|    time_elapsed         | 898       |
|    total_timesteps      | 34816     |
| train/                  |           |
|    approx_kl            | 0.0087378 |
|    clip_fraction        | 0.0998    |
|    clip_range           | 0.2       |
|    entropy_loss         | -1.04     |
|    explained_variance   | 0.855     |
|    learning_rate        | 0.0003    |
|    loss                 | -0.0156   |
|    n_updates            | 160       |
|    policy_gradient_loss | -0.0129   |
|    value_loss           | 0.0492    |
---------------------------------------
-----------------------------------------
| time/                   |             |
|    fps                  | 37          |
|    iterations           | 18          |
|    time_elapsed         | 988         |
|    total_timesteps      | 36864       |
| train/                  |             |
|    approx_kl            | 0.008853537 |
|    clip_fraction        | 0.106       |
|    clip_range           | 0.2         |
|    entropy_loss         | -0.996      |
|    explained_variance   | 0.893       |
|    learning_rate        | 0.0003      |
|    loss                 | 0.0127      |
|    n_updates            | 170         |
|    policy_gradient_loss | -0.00884    |
|    value_loss           | 0.0248      |
-----------------------------------------
------------------------------------------
| time/                   |              |
|    fps                  | 35           |
|    iterations           | 19           |
|    time_elapsed         | 1084         |
|    total_timesteps      | 38912        |
| train/                  |              |
|    approx_kl            | 0.0079864245 |
|    clip_fraction        | 0.093        |
|    clip_range           | 0.2          |
|    entropy_loss         | -0.937       |
|    explained_variance   | 0.9          |
|    learning_rate        | 0.0003       |
|    loss                 | -0.0209      |
|    n_updates            | 180          |
|    policy_gradient_loss | -0.0107      |
|    value_loss           | 0.0307       |
------------------------------------------
------------------------------------------
| time/                   |              |
|    fps                  | 34           |
|    iterations           | 20           |
|    time_elapsed         | 1177         |
|    total_timesteps      | 40960        |
| train/                  |              |
|    approx_kl            | 0.0050712274 |
|    clip_fraction        | 0.0352       |
|    clip_range           | 0.2          |
|    entropy_loss         | -0.932       |
|    explained_variance   | 0.906        |
|    learning_rate        | 0.0003       |
|    loss                 | 0.00808      |
|    n_updates            | 190          |
|    policy_gradient_loss | -0.00452     |
|    value_loss           | 0.0198       |
------------------------------------------
------------------------------------------
| time/                   |              |
|    fps                  | 33           |
|    iterations           | 21           |
|    time_elapsed         | 1273         |
|    total_timesteps      | 43008        |
| train/                  |              |
|    approx_kl            | 0.0067606186 |
|    clip_fraction        | 0.077        |
|    clip_range           | 0.2          |
|    entropy_loss         | -0.871       |
|    explained_variance   | 0.965        |
|    learning_rate        | 0.0003       |
|    loss                 | -0.0141      |
|    n_updates            | 200          |
|    policy_gradient_loss | -0.00847     |
|    value_loss           | 0.0153       |
------------------------------------------
----------------------------------------
| time/                   |            |
|    fps                  | 32         |
|    iterations           | 22         |
|    time_elapsed         | 1373       |
|    total_timesteps      | 45056      |
| train/                  |            |
|    approx_kl            | 0.00840304 |
|    clip_fraction        | 0.0942     |
|    clip_range           | 0.2        |
|    entropy_loss         | -0.819     |
|    explained_variance   | 0.959      |
|    learning_rate        | 0.0003     |
|    loss                 | 0.000785   |
|    n_updates            | 210        |
|    policy_gradient_loss | -0.00897   |
|    value_loss           | 0.0169     |
----------------------------------------
------------------------------------------
| time/                   |              |
|    fps                  | 31           |
|    iterations           | 23           |
|    time_elapsed         | 1476         |
|    total_timesteps      | 47104        |
| train/                  |              |
|    approx_kl            | 0.0064105885 |
|    clip_fraction        | 0.0789       |
|    clip_range           | 0.2          |
|    entropy_loss         | -0.779       |
|    explained_variance   | 0.956        |
|    learning_rate        | 0.0003       |
|    loss                 | -0.00566     |
|    n_updates            | 220          |
|    policy_gradient_loss | -0.00844     |
|    value_loss           | 0.0247       |
------------------------------------------
-----------------------------------------
| time/                   |             |
|    fps                  | 31          |
|    iterations           | 24          |
|    time_elapsed         | 1579        |
|    total_timesteps      | 49152       |
| train/                  |             |
|    approx_kl            | 0.007010036 |
|    clip_fraction        | 0.0591      |
|    clip_range           | 0.2         |
|    entropy_loss         | -0.724      |
|    explained_variance   | 0.956       |
|    learning_rate        | 0.0003      |
|    loss                 | 0.00166     |
|    n_updates            | 230         |
|    policy_gradient_loss | -0.00786    |
|    value_loss           | 0.0171      |
-----------------------------------------
------------------------------------------
| time/                   |              |
|    fps                  | 30           |
|    iterations           | 25           |
|    time_elapsed         | 1687         |
|    total_timesteps      | 51200        |
| train/                  |              |
|    approx_kl            | 0.0041415114 |
|    clip_fraction        | 0.0486       |
|    clip_range           | 0.2          |
|    entropy_loss         | -0.722       |
|    explained_variance   | 0.955        |
|    learning_rate        | 0.0003       |
|    loss                 | 0.0171       |
|    n_updates            | 240          |
|    policy_gradient_loss | -0.00514     |
|    value_loss           | 0.0224       |
------------------------------------------
-----------------------------------------
| time/                   |             |
|    fps                  | 29          |
|    iterations           | 26          |
|    time_elapsed         | 1796        |
|    total_timesteps      | 53248       |
| train/                  |             |
|    approx_kl            | 0.004321371 |
|    clip_fraction        | 0.0414      |
|    clip_range           | 0.2         |
|    entropy_loss         | -0.658      |
|    explained_variance   | 0.962       |
|    learning_rate        | 0.0003      |
|    loss                 | -0.00614    |
|    n_updates            | 250         |
|    policy_gradient_loss | -0.00452    |
|    value_loss           | 0.0163      |
-----------------------------------------
------------------------------------------
| time/                   |              |
|    fps                  | 29           |
|    iterations           | 27           |
|    time_elapsed         | 1904         |
|    total_timesteps      | 55296        |
| train/                  |              |
|    approx_kl            | 0.0041276747 |
|    clip_fraction        | 0.0396       |
|    clip_range           | 0.2          |
|    entropy_loss         | -0.646       |
|    explained_variance   | 0.96         |
|    learning_rate        | 0.0003       |
|    loss                 | -0.0018      |
|    n_updates            | 260          |
|    policy_gradient_loss | -0.00404     |
|    value_loss           | 0.0199       |
------------------------------------------
-----------------------------------------
| time/                   |             |
|    fps                  | 28          |
|    iterations           | 28          |
|    time_elapsed         | 2011        |
|    total_timesteps      | 57344       |
| train/                  |             |
|    approx_kl            | 0.003840549 |
|    clip_fraction        | 0.0356      |
|    clip_range           | 0.2         |
|    entropy_loss         | -0.599      |
|    explained_variance   | 0.952       |
|    learning_rate        | 0.0003      |
|    loss                 | 0.00898     |
|    n_updates            | 270         |
|    policy_gradient_loss | -0.00465    |
|    value_loss           | 0.0262      |
-----------------------------------------
------------------------------------------
| time/                   |              |
|    fps                  | 28           |
|    iterations           | 29           |
|    time_elapsed         | 2118         |
|    total_timesteps      | 59392        |
| train/                  |              |
|    approx_kl            | 0.0044263154 |
|    clip_fraction        | 0.0443       |
|    clip_range           | 0.2          |
|    entropy_loss         | -0.591       |
|    explained_variance   | 0.968        |
|    learning_rate        | 0.0003       |
|    loss                 | 0.01         |
|    n_updates            | 280          |
|    policy_gradient_loss | -0.00609     |
|    value_loss           | 0.0119       |
------------------------------------------
------------------------------------------
| time/                   |              |
|    fps                  | 27           |
|    iterations           | 30           |
|    time_elapsed         | 2230         |
|    total_timesteps      | 61440        |
| train/                  |              |
|    approx_kl            | 0.0032757644 |
|    clip_fraction        | 0.048        |
|    clip_range           | 0.2          |
|    entropy_loss         | -0.568       |
|    explained_variance   | 0.964        |
|    learning_rate        | 0.0003       |
|    loss                 | 0.0209       |
|    n_updates            | 290          |
|    policy_gradient_loss | -0.00642     |
|    value_loss           | 0.0158       |
------------------------------------------
-----------------------------------------
| time/                   |             |
|    fps                  | 27          |
|    iterations           | 31          |
|    time_elapsed         | 2342        |
|    total_timesteps      | 63488       |
| train/                  |             |
|    approx_kl            | 0.004008427 |
|    clip_fraction        | 0.0401      |
|    clip_range           | 0.2         |
|    entropy_loss         | -0.537      |
|    explained_variance   | 0.942       |
|    learning_rate        | 0.0003      |
|    loss                 | 0.0148      |
|    n_updates            | 300         |
|    policy_gradient_loss | -0.00648    |
|    value_loss           | 0.0272      |
-----------------------------------------
------------------------------------------
| time/                   |              |
|    fps                  | 26           |
|    iterations           | 32           |
|    time_elapsed         | 2455         |
|    total_timesteps      | 65536        |
| train/                  |              |
|    approx_kl            | 0.0048800255 |
|    clip_fraction        | 0.0589       |
|    clip_range           | 0.2          |
|    entropy_loss         | -0.512       |
|    explained_variance   | 0.952        |
|    learning_rate        | 0.0003       |
|    loss                 | -0.0156      |
|    n_updates            | 310          |
|    policy_gradient_loss | -0.00706     |
|    value_loss           | 0.0207       |
------------------------------------------
------------------------------------------
| time/                   |              |
|    fps                  | 26           |
|    iterations           | 33           |
|    time_elapsed         | 2566         |
|    total_timesteps      | 67584        |
| train/                  |              |
|    approx_kl            | 0.0039645117 |
|    clip_fraction        | 0.0349       |
|    clip_range           | 0.2          |
|    entropy_loss         | -0.487       |
|    explained_variance   | 0.968        |
|    learning_rate        | 0.0003       |
|    loss                 | 0.00759      |
|    n_updates            | 320          |
|    policy_gradient_loss | -0.00298     |
|    value_loss           | 0.0155       |
------------------------------------------
------------------------------------------
| time/                   |              |
|    fps                  | 25           |
|    iterations           | 34           |
|    time_elapsed         | 2679         |
|    total_timesteps      | 69632        |
| train/                  |              |
|    approx_kl            | 0.0026526772 |
|    clip_fraction        | 0.0313       |
|    clip_range           | 0.2          |
|    entropy_loss         | -0.473       |
|    explained_variance   | 0.928        |
|    learning_rate        | 0.0003       |
|    loss                 | 0.00811      |
|    n_updates            | 330          |
|    policy_gradient_loss | -0.00316     |
|    value_loss           | 0.031        |
------------------------------------------
------------------------------------------
| time/                   |              |
|    fps                  | 25           |
|    iterations           | 35           |
|    time_elapsed         | 2794         |
|    total_timesteps      | 71680        |
| train/                  |              |
|    approx_kl            | 0.0035482075 |
|    clip_fraction        | 0.0382       |
|    clip_range           | 0.2          |
|    entropy_loss         | -0.465       |
|    explained_variance   | 0.962        |
|    learning_rate        | 0.0003       |
|    loss                 | 0.00939      |
|    n_updates            | 340          |
|    policy_gradient_loss | -0.0051      |
|    value_loss           | 0.0184       |
------------------------------------------
------------------------------------------
| time/                   |              |
|    fps                  | 25           |
|    iterations           | 36           |
|    time_elapsed         | 2910         |
|    total_timesteps      | 73728        |
| train/                  |              |
|    approx_kl            | 0.0072002998 |
|    clip_fraction        | 0.0779       |
|    clip_range           | 0.2          |
|    entropy_loss         | -0.436       |
|    explained_variance   | 0.94         |
|    learning_rate        | 0.0003       |
|    loss                 | -0.0103      |
|    n_updates            | 350          |
|    policy_gradient_loss | -0.00646     |
|    value_loss           | 0.0279       |
------------------------------------------
------------------------------------------
| time/                   |              |
|    fps                  | 25           |
|    iterations           | 37           |
|    time_elapsed         | 3029         |
|    total_timesteps      | 75776        |
| train/                  |              |
|    approx_kl            | 0.0030163587 |
|    clip_fraction        | 0.0198       |
|    clip_range           | 0.2          |
|    entropy_loss         | -0.415       |
|    explained_variance   | 0.966        |
|    learning_rate        | 0.0003       |
|    loss                 | 0.0107       |
|    n_updates            | 360          |
|    policy_gradient_loss | -0.00186     |
|    value_loss           | 0.017        |
------------------------------------------
-----------------------------------------
| time/                   |             |
|    fps                  | 24          |
|    iterations           | 38          |
|    time_elapsed         | 3146        |
|    total_timesteps      | 77824       |
| train/                  |             |
|    approx_kl            | 0.002496202 |
|    clip_fraction        | 0.0303      |
|    clip_range           | 0.2         |
|    entropy_loss         | -0.399      |
|    explained_variance   | 0.967       |
|    learning_rate        | 0.0003      |
|    loss                 | 0.00474     |
|    n_updates            | 370         |
|    policy_gradient_loss | -0.00249    |
|    value_loss           | 0.0172      |
-----------------------------------------
------------------------------------------
| time/                   |              |
|    fps                  | 24           |
|    iterations           | 39           |
|    time_elapsed         | 3265         |
|    total_timesteps      | 79872        |
| train/                  |              |
|    approx_kl            | 0.0030333567 |
|    clip_fraction        | 0.0304       |
|    clip_range           | 0.2          |
|    entropy_loss         | -0.372       |
|    explained_variance   | 0.959        |
|    learning_rate        | 0.0003       |
|    loss                 | -0.00738     |
|    n_updates            | 380          |
|    policy_gradient_loss | -0.00327     |
|    value_loss           | 0.0175       |
------------------------------------------
------------------------------------------
| time/                   |              |
|    fps                  | 24           |
|    iterations           | 40           |
|    time_elapsed         | 3387         |
|    total_timesteps      | 81920        |
| train/                  |              |
|    approx_kl            | 0.0025692082 |
|    clip_fraction        | 0.0321       |
|    clip_range           | 0.2          |
|    entropy_loss         | -0.348       |
|    explained_variance   | 0.959        |
|    learning_rate        | 0.0003       |
|    loss                 | 0.00854      |
|    n_updates            | 390          |
|    policy_gradient_loss | -0.00322     |
|    value_loss           | 0.0196       |
------------------------------------------
------------------------------------------
| time/                   |              |
|    fps                  | 23           |
|    iterations           | 41           |
|    time_elapsed         | 3505         |
|    total_timesteps      | 83968        |
| train/                  |              |
|    approx_kl            | 0.0039003268 |
|    clip_fraction        | 0.0378       |
|    clip_range           | 0.2          |
|    entropy_loss         | -0.357       |
|    explained_variance   | 0.975        |
|    learning_rate        | 0.0003       |
|    loss                 | 0.00178      |
|    n_updates            | 400          |
|    policy_gradient_loss | -0.00357     |
|    value_loss           | 0.0116       |
------------------------------------------
-----------------------------------------
| time/                   |             |
|    fps                  | 23          |
|    iterations           | 42          |
|    time_elapsed         | 3629        |
|    total_timesteps      | 86016       |
| train/                  |             |
|    approx_kl            | 0.004254733 |
|    clip_fraction        | 0.0428      |
|    clip_range           | 0.2         |
|    entropy_loss         | -0.348      |
|    explained_variance   | 0.971       |
|    learning_rate        | 0.0003      |
|    loss                 | 0.0327      |
|    n_updates            | 410         |
|    policy_gradient_loss | -0.00356    |
|    value_loss           | 0.0152      |
-----------------------------------------
-----------------------------------------
| time/                   |             |
|    fps                  | 23          |
|    iterations           | 43          |
|    time_elapsed         | 3751        |
|    total_timesteps      | 88064       |
| train/                  |             |
|    approx_kl            | 0.002327663 |
|    clip_fraction        | 0.0187      |
|    clip_range           | 0.2         |
|    entropy_loss         | -0.343      |
|    explained_variance   | 0.973       |
|    learning_rate        | 0.0003      |
|    loss                 | -0.00176    |
|    n_updates            | 420         |
|    policy_gradient_loss | -0.00307    |
|    value_loss           | 0.0134      |
-----------------------------------------
------------------------------------------
| time/                   |              |
|    fps                  | 23           |
|    iterations           | 44           |
|    time_elapsed         | 3868         |
|    total_timesteps      | 90112        |
| train/                  |              |
|    approx_kl            | 0.0024712244 |
|    clip_fraction        | 0.0334       |
|    clip_range           | 0.2          |
|    entropy_loss         | -0.323       |
|    explained_variance   | 0.971        |
|    learning_rate        | 0.0003       |
|    loss                 | -0.00426     |
|    n_updates            | 430          |
|    policy_gradient_loss | -0.00386     |
|    value_loss           | 0.0135       |
------------------------------------------
------------------------------------------
| time/                   |              |
|    fps                  | 23           |
|    iterations           | 45           |
|    time_elapsed         | 3985         |
|    total_timesteps      | 92160        |
| train/                  |              |
|    approx_kl            | 0.0033488013 |
|    clip_fraction        | 0.0319       |
|    clip_range           | 0.2          |
|    entropy_loss         | -0.348       |
|    explained_variance   | 0.755        |
|    learning_rate        | 0.0003       |
|    loss                 | 0.00161      |
|    n_updates            | 440          |
|    policy_gradient_loss | -0.00549     |
|    value_loss           | 0.0606       |
------------------------------------------
-----------------------------------------
| time/                   |             |
|    fps                  | 23          |
|    iterations           | 46          |
|    time_elapsed         | 4058        |
|    total_timesteps      | 94208       |
| train/                  |             |
|    approx_kl            | 0.003270351 |
|    clip_fraction        | 0.0437      |
|    clip_range           | 0.2         |
|    entropy_loss         | -0.311      |
|    explained_variance   | 0.952       |
|    learning_rate        | 0.0003      |
|    loss                 | 0.00928     |
|    n_updates            | 450         |
|    policy_gradient_loss | -0.00361    |
|    value_loss           | 0.023       |
-----------------------------------------
----------------------------------------
| time/                   |            |
|    fps                  | 23         |
|    iterations           | 47         |
|    time_elapsed         | 4165       |
|    total_timesteps      | 96256      |
| train/                  |            |
|    approx_kl            | 0.06212747 |
|    clip_fraction        | 0.102      |
|    clip_range           | 0.2        |
|    entropy_loss         | -0.283     |
|    explained_variance   | 0.975      |
|    learning_rate        | 0.0003     |
|    loss                 | 0.00677    |
|    n_updates            | 460        |
|    policy_gradient_loss | -0.0109    |
|    value_loss           | 0.0394     |
----------------------------------------
-----------------------------------------
| time/                   |             |
|    fps                  | 22          |
|    iterations           | 48          |
|    time_elapsed         | 4279        |
|    total_timesteps      | 98304       |
| train/                  |             |
|    approx_kl            | 0.009575202 |
|    clip_fraction        | 0.0875      |
|    clip_range           | 0.2         |
|    entropy_loss         | -0.423      |
|    explained_variance   | 0.966       |
|    learning_rate        | 0.0003      |
|    loss                 | -0.0169     |
|    n_updates            | 470         |
|    policy_gradient_loss | -0.00562    |
|    value_loss           | 0.0157      |
-----------------------------------------
------------------------------------------
| time/                   |              |
|    fps                  | 22           |
|    iterations           | 49           |
|    time_elapsed         | 4394         |
|    total_timesteps      | 100352       |
| train/                  |              |
|    approx_kl            | 0.0054535093 |
|    clip_fraction        | 0.0624       |
|    clip_range           | 0.2          |
|    entropy_loss         | -0.39        |
|    explained_variance   | 0.919        |
|    learning_rate        | 0.0003       |
|    loss                 | -0.00212     |
|    n_updates            | 480          |
|    policy_gradient_loss | -0.00274     |
|    value_loss           | 0.0224       |
------------------------------------------
[+] Training completed successfully! Model saved to: /Users/vs7/Dev/Games/_UGT Universal Game Tester/integrations/spacerquest/models/ppo_trader_final.zip
[+] VecNormalize stats saved to: /Users/vs7/Dev/Games/_UGT Universal Game Tester/integrations/spacerquest/models/ppo_trader_vecnormalize.pkl
